06-25 22:20:22.229 26971 26992 I TestRunner: started: vertical_scroll_content_at_last_position(com.example.dogglers.VerticalListTests)
06-25 22:20:22.233 26971 26992 W Settings: Setting always_finish_activities has moved from android.provider.Settings.System to android.provider.Settings.Global, returning read-only value.
06-25 22:20:22.243   867   931 D SplashScreenView: Build android.window.SplashScreenView{be3336 V.E...... ......ID 0,0-0,0}
06-25 22:20:22.243   867   931 D SplashScreenView: Icon: view: null drawable: null size: 0
06-25 22:20:22.243   867   931 D SplashScreenView: Branding: view: android.view.View{65a7237 G.ED..... ......I. 0,0-0,0 #10204a6 android:id/splashscreen_branding_view} drawable: null size w: 0 h: 0
06-25 22:20:22.252 26971 26971 D LifecycleMonitor: Lifecycle status change: androidx.test.core.app.InstrumentationActivityInvoker$BootstrapActivity@950b710 in: PRE_ON_CREATE
06-25 22:20:22.252 26971 26971 V ActivityScenario: Activity lifecycle changed event received but ignored because the intent does not match. startActivityIntent=Intent { act=android.intent.action.MAIN cat=[android.intent.category.LAUNCHER] cmp=com.example.dogglers/.VerticalListActivity }, activity.getIntent()=Intent { act=android.intent.action.MAIN cat=[android.intent.category.LAUNCHER] flg=0x10008000 cmp=com.example.dogglers/androidx.test.core.app.InstrumentationActivityInvoker$BootstrapActivity (has extras) }, activity=androidx.test.core.app.InstrumentationActivityInvoker$BootstrapActivity@950b710
06-25 22:20:22.257 26971 26971 D LifecycleMonitor: Lifecycle status change: androidx.test.core.app.InstrumentationActivityInvoker$BootstrapActivity@950b710 in: CREATED
06-25 22:20:22.257 26971 26971 V ActivityScenario: Activity lifecycle changed event received but ignored because the intent does not match. startActivityIntent=Intent { act=android.intent.action.MAIN cat=[android.intent.category.LAUNCHER] cmp=com.example.dogglers/.VerticalListActivity }, activity.getIntent()=Intent { act=android.intent.action.MAIN cat=[android.intent.category.LAUNCHER] flg=0x10008000 cmp=com.example.dogglers/androidx.test.core.app.InstrumentationActivityInvoker$BootstrapActivity (has extras) }, activity=androidx.test.core.app.InstrumentationActivityInvoker$BootstrapActivity@950b710
06-25 22:20:22.258 26971 26971 D LifecycleMonitor: Lifecycle status change: androidx.test.core.app.InstrumentationActivityInvoker$BootstrapActivity@950b710 in: STARTED
06-25 22:20:22.259 26971 26971 V ActivityScenario: Activity lifecycle changed event received but ignored because the intent does not match. startActivityIntent=Intent { act=android.intent.action.MAIN cat=[android.intent.category.LAUNCHER] cmp=com.example.dogglers/.VerticalListActivity }, activity.getIntent()=Intent { act=android.intent.action.MAIN cat=[android.intent.category.LAUNCHER] flg=0x10008000 cmp=com.example.dogglers/androidx.test.core.app.InstrumentationActivityInvoker$BootstrapActivity (has extras) }, activity=androidx.test.core.app.InstrumentationActivityInvoker$BootstrapActivity@950b710
06-25 22:20:22.261   358   358 D goldfish-address-space: claimShared: Ask to claim region [0x3edc28000 0x3ee5cc000]
06-25 22:20:22.263 26971 26971 D LifecycleMonitor: Lifecycle status change: androidx.test.core.app.InstrumentationActivityInvoker$BootstrapActivity@950b710 in: RESUMED
06-25 22:20:22.264 26971 26971 V ActivityScenario: Activity lifecycle changed event received but ignored because the intent does not match. startActivityIntent=Intent { act=android.intent.action.MAIN cat=[android.intent.category.LAUNCHER] cmp=com.example.dogglers/.VerticalListActivity }, activity.getIntent()=Intent { act=android.intent.action.MAIN cat=[android.intent.category.LAUNCHER] flg=0x10008000 cmp=com.example.dogglers/androidx.test.core.app.InstrumentationActivityInvoker$BootstrapActivity (has extras) }, activity=androidx.test.core.app.InstrumentationActivityInvoker$BootstrapActivity@950b710
06-25 22:20:22.265 26971 26971 D LifecycleMonitor: Lifecycle status change: androidx.test.core.app.InstrumentationActivityInvoker$BootstrapActivity@950b710 in: PAUSED
06-25 22:20:22.266 26971 26971 V ActivityScenario: Activity lifecycle changed event received but ignored because the intent does not match. startActivityIntent=Intent { act=android.intent.action.MAIN cat=[android.intent.category.LAUNCHER] cmp=com.example.dogglers/.VerticalListActivity }, activity.getIntent()=Intent { act=android.intent.action.MAIN cat=[android.intent.category.LAUNCHER] flg=0x10008000 cmp=com.example.dogglers/androidx.test.core.app.InstrumentationActivityInvoker$BootstrapActivity (has extras) }, activity=androidx.test.core.app.InstrumentationActivityInvoker$BootstrapActivity@950b710
06-25 22:20:22.266   358   422 D goldfish-address-space: claimShared: Ask to claim region [0x3ee5cc000 0x3eef70000]
06-25 22:20:22.268   358   358 D goldfish-address-space: claimShared: Ask to claim region [0x3eef70000 0x3ef914000]
06-25 22:20:22.276 26971 26971 D LifecycleMonitor: Lifecycle status change: com.example.dogglers.VerticalListActivity@1979b1a in: PRE_ON_CREATE
06-25 22:20:22.277 26971 26971 V ActivityScenario: Activity lifecycle changed event received but ignored because the reported transition was not ON_CREATE while the last known transition was PRE_ON_CREATE
06-25 22:20:22.289 26971 26971 D LifecycleMonitor: Lifecycle status change: com.example.dogglers.VerticalListActivity@1979b1a in: CREATED
06-25 22:20:22.290 26971 26971 V ActivityScenario: Update currentActivityStage to CREATED, currentActivity=com.example.dogglers.VerticalListActivity@1979b1a
06-25 22:20:22.291 26971 26971 D LifecycleMonitor: Lifecycle status change: com.example.dogglers.VerticalListActivity@1979b1a in: STARTED
06-25 22:20:22.291 26971 26971 V ActivityScenario: Update currentActivityStage to STARTED, currentActivity=com.example.dogglers.VerticalListActivity@1979b1a
06-25 22:20:22.292 26971 26971 D LifecycleMonitor: Lifecycle status change: com.example.dogglers.VerticalListActivity@1979b1a in: RESUMED
06-25 22:20:22.292 26971 26971 V ActivityScenario: Update currentActivityStage to RESUMED, currentActivity=com.example.dogglers.VerticalListActivity@1979b1a
06-25 22:20:22.298 26971 26971 D LifecycleMonitor: Lifecycle status change: androidx.test.core.app.InstrumentationActivityInvoker$BootstrapActivity@950b710 in: STOPPED
06-25 22:20:22.298 26971 26971 V ActivityScenario: Activity lifecycle changed event received but ignored because the intent does not match. startActivityIntent=Intent { act=android.intent.action.MAIN cat=[android.intent.category.LAUNCHER] cmp=com.example.dogglers/.VerticalListActivity }, activity.getIntent()=Intent { act=android.intent.action.MAIN cat=[android.intent.category.LAUNCHER] flg=0x10008000 cmp=com.example.dogglers/androidx.test.core.app.InstrumentationActivityInvoker$BootstrapActivity (has extras) }, activity=androidx.test.core.app.InstrumentationActivityInvoker$BootstrapActivity@950b710
06-25 22:20:22.313   358   358 D goldfish-address-space: claimShared: Ask to claim region [0x3f0000000 0x3f09a4000]
06-25 22:20:22.317   358   358 D goldfish-address-space: claimShared: Ask to claim region [0x3f09a4000 0x3f1348000]
06-25 22:20:22.318   358   358 D goldfish-address-space: claimShared: Ask to claim region [0x3f1348000 0x3f1cec000]
06-25 22:20:22.349  2671  2671 I GsaVoiceInteractionSrv: Handling ACTION_STOP_HOTWORD
06-25 22:20:22.349  2671  2671 E HwDetectorWithState: a: 3
06-25 22:20:22.353   551   596 I ActivityTaskManager: Displayed com.example.dogglers/.VerticalListActivity: +116ms
06-25 22:20:22.363 26971 26971 D RootViewPicker: Root not ready - waiting: 10ms for one to appear.
06-25 22:20:22.365  1493  1493 I GoogleInputMethodService: GoogleInputMethodService.onFinishInput():3420
06-25 22:20:22.366  1493  1493 I GoogleInputMethodService: GoogleInputMethodService.onStartInput():2002
06-25 22:20:22.366  1493  1493 I DeviceUnlockedTag: DeviceUnlockedTag.notifyDeviceLockStatusChanged():31 Notify device unlocked.
06-25 22:20:22.429 26971 26971 I ViewInteraction: Performing 'scroll RecyclerView to position: 5' action on view view.getId() is <2131231206/com.example.dogglers:id/vertical_recycler_view>
06-25 22:20:22.514 26971 26971 I ViewInteraction: Checking 'MatchesViewAssertion{viewMatcher=(view has effective visibility <VISIBLE> and view.getGlobalVisibleRect() to return non-empty rectangle)}' assertion on view an instance of android.widget.TextView and view.getText() with or without transformation to match: is "Bella"
06-25 22:20:22.521 26971 26971 D LifecycleMonitor: Lifecycle status change: com.example.dogglers.VerticalListActivity@1979b1a in: PAUSED
06-25 22:20:22.522 26971 26971 V ActivityScenario: Update currentActivityStage to PAUSED, currentActivity=com.example.dogglers.VerticalListActivity@1979b1a
06-25 22:20:22.527 26971 26971 D LifecycleMonitor: Lifecycle status change: androidx.test.core.app.InstrumentationActivityInvoker$EmptyActivity@a7ef5eb in: PRE_ON_CREATE
06-25 22:20:22.528 26971 26971 V ActivityScenario: Activity lifecycle changed event received but ignored because the intent does not match. startActivityIntent=Intent { act=android.intent.action.MAIN cat=[android.intent.category.LAUNCHER] cmp=com.example.dogglers/.VerticalListActivity }, activity.getIntent()=Intent { act=android.intent.action.MAIN cat=[android.intent.category.LAUNCHER] flg=0x10000000 cmp=com.example.dogglers/androidx.test.core.app.InstrumentationActivityInvoker$EmptyActivity }, activity=androidx.test.core.app.InstrumentationActivityInvoker$EmptyActivity@a7ef5eb
06-25 22:20:22.533 26971 26971 D LifecycleMonitor: Lifecycle status change: androidx.test.core.app.InstrumentationActivityInvoker$EmptyActivity@a7ef5eb in: CREATED
06-25 22:20:22.533 26971 26971 V ActivityScenario: Activity lifecycle changed event received but ignored because the intent does not match. startActivityIntent=Intent { act=android.intent.action.MAIN cat=[android.intent.category.LAUNCHER] cmp=com.example.dogglers/.VerticalListActivity }, activity.getIntent()=Intent { act=android.intent.action.MAIN cat=[android.intent.category.LAUNCHER] flg=0x10000000 cmp=com.example.dogglers/androidx.test.core.app.InstrumentationActivityInvoker$EmptyActivity }, activity=androidx.test.core.app.InstrumentationActivityInvoker$EmptyActivity@a7ef5eb
06-25 22:20:22.534 26971 26971 D LifecycleMonitor: Lifecycle status change: androidx.test.core.app.InstrumentationActivityInvoker$EmptyActivity@a7ef5eb in: STARTED
06-25 22:20:22.535 26971 26971 V ActivityScenario: Activity lifecycle changed event received but ignored because the intent does not match. startActivityIntent=Intent { act=android.intent.action.MAIN cat=[android.intent.category.LAUNCHER] cmp=com.example.dogglers/.VerticalListActivity }, activity.getIntent()=Intent { act=android.intent.action.MAIN cat=[android.intent.category.LAUNCHER] flg=0x10000000 cmp=com.example.dogglers/androidx.test.core.app.InstrumentationActivityInvoker$EmptyActivity }, activity=androidx.test.core.app.InstrumentationActivityInvoker$EmptyActivity@a7ef5eb
06-25 22:20:22.536 26971 26971 D LifecycleMonitor: Lifecycle status change: androidx.test.core.app.InstrumentationActivityInvoker$EmptyActivity@a7ef5eb in: RESUMED
06-25 22:20:22.536 26971 26971 V ActivityScenario: Activity lifecycle changed event received but ignored because the intent does not match. startActivityIntent=Intent { act=android.intent.action.MAIN cat=[android.intent.category.LAUNCHER] cmp=com.example.dogglers/.VerticalListActivity }, activity.getIntent()=Intent { act=android.intent.action.MAIN cat=[android.intent.category.LAUNCHER] flg=0x10000000 cmp=com.example.dogglers/androidx.test.core.app.InstrumentationActivityInvoker$EmptyActivity }, activity=androidx.test.core.app.InstrumentationActivityInvoker$EmptyActivity@a7ef5eb
06-25 22:20:22.546   358   358 D goldfish-address-space: claimShared: Ask to claim region [0x3f72ed000 0x3f7c91000]
06-25 22:20:22.548   358   358 D goldfish-address-space: claimShared: Ask to claim region [0x3f49a4000 0x3f5348000]
06-25 22:20:22.549   358   358 D goldfish-address-space: claimShared: Ask to claim region [0x3f5348000 0x3f5cec000]
06-25 22:20:22.553   551   596 I ActivityTaskManager: Displayed com.example.dogglers/androidx.test.core.app.InstrumentationActivityInvoker$EmptyActivity: +35ms
06-25 22:20:22.560 26971 26971 D LifecycleMonitor: Lifecycle status change: androidx.test.core.app.InstrumentationActivityInvoker$EmptyActivity@a7ef5eb in: PAUSED
06-25 22:20:22.560 26971 26971 V ActivityScenario: Activity lifecycle changed event received but ignored because the intent does not match. startActivityIntent=Intent { act=android.intent.action.MAIN cat=[android.intent.category.LAUNCHER] cmp=com.example.dogglers/.VerticalListActivity }, activity.getIntent()=Intent { act=android.intent.action.MAIN cat=[android.intent.category.LAUNCHER] flg=0x10000000 cmp=com.example.dogglers/androidx.test.core.app.InstrumentationActivityInvoker$EmptyActivity }, activity=androidx.test.core.app.InstrumentationActivityInvoker$EmptyActivity@a7ef5eb
06-25 22:20:22.564 26971 26971 D LifecycleMonitor: Lifecycle status change: androidx.test.core.app.InstrumentationActivityInvoker$BootstrapActivity@950b710 in: DESTROYED
06-25 22:20:22.564 26971 26971 V ActivityScenario: Activity lifecycle changed event received but ignored because the intent does not match. startActivityIntent=Intent { act=android.intent.action.MAIN cat=[android.intent.category.LAUNCHER] cmp=com.example.dogglers/.VerticalListActivity }, activity.getIntent()=Intent { act=android.intent.action.MAIN cat=[android.intent.category.LAUNCHER] flg=0x10008000 cmp=com.example.dogglers/androidx.test.core.app.InstrumentationActivityInvoker$BootstrapActivity (has extras) }, activity=androidx.test.core.app.InstrumentationActivityInvoker$BootstrapActivity@950b710
06-25 22:20:22.568 26971 26971 D LifecycleMonitor: Lifecycle status change: androidx.test.core.app.InstrumentationActivityInvoker$EmptyActivity@bad2fdb in: PRE_ON_CREATE
06-25 22:20:22.569 26971 26971 V ActivityScenario: Activity lifecycle changed event received but ignored because the intent does not match. startActivityIntent=Intent { act=android.intent.action.MAIN cat=[android.intent.category.LAUNCHER] cmp=com.example.dogglers/.VerticalListActivity }, activity.getIntent()=Intent { act=android.intent.action.MAIN cat=[android.intent.category.LAUNCHER] flg=0x10000000 cmp=com.example.dogglers/androidx.test.core.app.InstrumentationActivityInvoker$EmptyActivity }, activity=androidx.test.core.app.InstrumentationActivityInvoker$EmptyActivity@bad2fdb
06-25 22:20:22.573   551   600 W InputManager-JNI: Input channel object '5bfeed1 Splash Screen com.example.dogglers (client)' was disposed without first being removed with the input manager!
06-25 22:20:22.579 26971 26971 D LifecycleMonitor: Lifecycle status change: androidx.test.core.app.InstrumentationActivityInvoker$EmptyActivity@bad2fdb in: CREATED
06-25 22:20:22.579 26971 26971 V ActivityScenario: Activity lifecycle changed event received but ignored because the intent does not match. startActivityIntent=Intent { act=android.intent.action.MAIN cat=[android.intent.category.LAUNCHER] cmp=com.example.dogglers/.VerticalListActivity }, activity.getIntent()=Intent { act=android.intent.action.MAIN cat=[android.intent.category.LAUNCHER] flg=0x10000000 cmp=com.example.dogglers/androidx.test.core.app.InstrumentationActivityInvoker$EmptyActivity }, activity=androidx.test.core.app.InstrumentationActivityInvoker$EmptyActivity@bad2fdb
06-25 22:20:22.580 26971 26971 D LifecycleMonitor: Lifecycle status change: androidx.test.core.app.InstrumentationActivityInvoker$EmptyActivity@bad2fdb in: STARTED
06-25 22:20:22.580 26971 26971 V ActivityScenario: Activity lifecycle changed event received but ignored because the intent does not match. startActivityIntent=Intent { act=android.intent.action.MAIN cat=[android.intent.category.LAUNCHER] cmp=com.example.dogglers/.VerticalListActivity }, activity.getIntent()=Intent { act=android.intent.action.MAIN cat=[android.intent.category.LAUNCHER] flg=0x10000000 cmp=com.example.dogglers/androidx.test.core.app.InstrumentationActivityInvoker$EmptyActivity }, activity=androidx.test.core.app.InstrumentationActivityInvoker$EmptyActivity@bad2fdb
06-25 22:20:22.581 26971 26971 D LifecycleMonitor: Lifecycle status change: androidx.test.core.app.InstrumentationActivityInvoker$EmptyActivity@bad2fdb in: RESUMED
06-25 22:20:22.582 26971 26971 V ActivityScenario: Activity lifecycle changed event received but ignored because the intent does not match. startActivityIntent=Intent { act=android.intent.action.MAIN cat=[android.intent.category.LAUNCHER] cmp=com.example.dogglers/.VerticalListActivity }, activity.getIntent()=Intent { act=android.intent.action.MAIN cat=[android.intent.category.LAUNCHER] flg=0x10000000 cmp=com.example.dogglers/androidx.test.core.app.InstrumentationActivityInvoker$EmptyActivity }, activity=androidx.test.core.app.InstrumentationActivityInvoker$EmptyActivity@bad2fdb
06-25 22:20:22.591  2577  2577 I A       : onApplyWindowInsets: systemWindowInsets=Insets{left=0, top=145, right=0, bottom=132}
06-25 22:20:22.592  2577  2577 I A       : onApplyWindowInsets: Adjusting for display cutouts. Safe insets: left=0, top=136, right=0, bottom=0
06-25 22:20:22.592  2577  2577 I A       : onApplyWindowInsets: systemWindowInsets=Insets{left=0, top=145, right=0, bottom=132}
06-25 22:20:22.602   358   358 D goldfish-address-space: claimShared: Ask to claim region [0x3f1cec000 0x3f2690000]
06-25 22:20:22.604   358   358 D goldfish-address-space: claimShared: Ask to claim region [0x3f2690000 0x3f3034000]
06-25 22:20:22.610   358   358 D goldfish-address-space: claimShared: Ask to claim region [0x3ed284000 0x3edc28000]
06-25 22:20:22.615   551   596 I ActivityTaskManager: Displayed com.example.dogglers/androidx.test.core.app.InstrumentationActivityInvoker$EmptyActivity: +61ms
06-25 22:20:22.621 26971 26971 D LifecycleMonitor: Lifecycle status change: androidx.test.core.app.InstrumentationActivityInvoker$EmptyActivity@a7ef5eb in: STOPPED
06-25 22:20:22.622 26971 26971 V ActivityScenario: Activity lifecycle changed event received but ignored because the intent does not match. startActivityIntent=Intent { act=android.intent.action.MAIN cat=[android.intent.category.LAUNCHER] cmp=com.example.dogglers/.VerticalListActivity }, activity.getIntent()=Intent { act=android.intent.action.MAIN cat=[android.intent.category.LAUNCHER] flg=0x10000000 cmp=com.example.dogglers/androidx.test.core.app.InstrumentationActivityInvoker$EmptyActivity }, activity=androidx.test.core.app.InstrumentationActivityInvoker$EmptyActivity@a7ef5eb
06-25 22:20:22.623 26971 26971 D LifecycleMonitor: Lifecycle status change: com.example.dogglers.VerticalListActivity@1979b1a in: STOPPED
06-25 22:20:22.624 26971 26971 V ActivityScenario: Update currentActivityStage to STOPPED, currentActivity=com.example.dogglers.VerticalListActivity@1979b1a
06-25 22:20:22.624 26971 26971 D LifecycleMonitor: Lifecycle status change: com.example.dogglers.VerticalListActivity@1979b1a in: DESTROYED
06-25 22:20:22.624 26971 26971 V ActivityScenario: Update currentActivityStage to DESTROYED, currentActivity=null
06-25 22:20:22.628   551  1183 W InputManager-JNI: Input channel object 'f7de472 com.example.dogglers/com.example.dogglers.VerticalListActivity (client)' was disposed without first being removed with the input manager!
06-25 22:20:22.629   867   933 D EGL_emulation: app_time_stats: avg=29.94ms min=0.89ms max=553.80ms count=33
06-25 22:20:22.636   358   358 D goldfish-address-space: claimShared: Ask to claim region [0x3f09a4000 0x3f0fd0000]
06-25 22:20:22.657 26971 26971 D LifecycleMonitor: Lifecycle status change: androidx.test.core.app.InstrumentationActivityInvoker$EmptyActivity@a7ef5eb in: DESTROYED
06-25 22:20:22.658 26971 26971 V ActivityScenario: Activity lifecycle changed event received but ignored because the intent does not match. startActivityIntent=Intent { act=android.intent.action.MAIN cat=[android.intent.category.LAUNCHER] cmp=com.example.dogglers/.VerticalListActivity }, activity.getIntent()=Intent { act=android.intent.action.MAIN cat=[android.intent.category.LAUNCHER] flg=0x10000000 cmp=com.example.dogglers/androidx.test.core.app.InstrumentationActivityInvoker$EmptyActivity }, activity=androidx.test.core.app.InstrumentationActivityInvoker$EmptyActivity@a7ef5eb
06-25 22:20:22.659   551  2649 W InputManager-JNI: Input channel object '3629034 com.example.dogglers/androidx.test.core.app.InstrumentationActivityInvoker$EmptyActivity (client)' was disposed without first being removed with the input manager!
06-25 22:20:22.668 26971 26971 D LifecycleMonitor: Lifecycle status change: androidx.test.core.app.InstrumentationActivityInvoker$EmptyActivity@bad2fdb in: PAUSED
06-25 22:20:22.668 26971 26971 V ActivityScenario: Activity lifecycle changed event received but ignored because the intent does not match. startActivityIntent=Intent { act=android.intent.action.MAIN cat=[android.intent.category.LAUNCHER] cmp=com.example.dogglers/.VerticalListActivity }, activity.getIntent()=Intent { act=android.intent.action.MAIN cat=[android.intent.category.LAUNCHER] flg=0x10000000 cmp=com.example.dogglers/androidx.test.core.app.InstrumentationActivityInvoker$EmptyActivity }, activity=androidx.test.core.app.InstrumentationActivityInvoker$EmptyActivity@bad2fdb
06-25 22:20:22.676  2577  2577 I A       : onApplyWindowInsets: systemWindowInsets=Insets{left=0, top=145, right=0, bottom=132}
06-25 22:20:22.676  2577  2577 I A       : onApplyWindowInsets: Adjusting for display cutouts. Safe insets: left=0, top=136, right=0, bottom=0
06-25 22:20:22.676  2577  2577 I A       : onApplyWindowInsets: systemWindowInsets=Insets{left=0, top=145, right=0, bottom=132}
06-25 22:20:22.676   358   358 D goldfish-address-space: claimShared: Ask to claim region [0x3ec000000 0x3ec9a4000]
06-25 22:20:22.678 26971 26992 I TestRunner: finished: vertical_scroll_content_at_last_position(com.example.dogglers.VerticalListTests)
