07-15 16:28:17.644  5493  5515 I TestRunner: started: grid_list_content_at_last_position(com.example.dogglers.GridListTests)
07-15 16:28:17.652  5493  5515 W Settings: Setting always_finish_activities has moved from android.provider.Settings.System to android.provider.Settings.Global, returning read-only value.
07-15 16:28:17.661   754  1017 D SplashScreenView: Build android.window.SplashScreenView{211d26f V.E...... ......ID 0,0-0,0}
07-15 16:28:17.661   754  1017 D SplashScreenView: Icon: view: null drawable: null size: 0
07-15 16:28:17.661   754  1017 D SplashScreenView: Branding: view: android.view.View{8e9b7c G.ED..... ......I. 0,0-0,0 #10204a6 android:id/splashscreen_branding_view} drawable: null size w: 0 h: 0
07-15 16:28:17.670  5493  5493 D LifecycleMonitor: Lifecycle status change: androidx.test.core.app.InstrumentationActivityInvoker$BootstrapActivity@4bb4ba2 in: PRE_ON_CREATE
07-15 16:28:17.671  5493  5493 V ActivityScenario: Activity lifecycle changed event received but ignored because the intent does not match. startActivityIntent=Intent { act=android.intent.action.MAIN cat=[android.intent.category.LAUNCHER] cmp=com.example.dogglers/.GridListActivity }, activity.getIntent()=Intent { act=android.intent.action.MAIN cat=[android.intent.category.LAUNCHER] flg=0x10008000 cmp=com.example.dogglers/androidx.test.core.app.InstrumentationActivityInvoker$BootstrapActivity (has extras) }, activity=androidx.test.core.app.InstrumentationActivityInvoker$BootstrapActivity@4bb4ba2
07-15 16:28:17.675  5493  5493 D LifecycleMonitor: Lifecycle status change: androidx.test.core.app.InstrumentationActivityInvoker$BootstrapActivity@4bb4ba2 in: CREATED
07-15 16:28:17.676  5493  5493 V ActivityScenario: Activity lifecycle changed event received but ignored because the intent does not match. startActivityIntent=Intent { act=android.intent.action.MAIN cat=[android.intent.category.LAUNCHER] cmp=com.example.dogglers/.GridListActivity }, activity.getIntent()=Intent { act=android.intent.action.MAIN cat=[android.intent.category.LAUNCHER] flg=0x10008000 cmp=com.example.dogglers/androidx.test.core.app.InstrumentationActivityInvoker$BootstrapActivity (has extras) }, activity=androidx.test.core.app.InstrumentationActivityInvoker$BootstrapActivity@4bb4ba2
07-15 16:28:17.677  5493  5493 D LifecycleMonitor: Lifecycle status change: androidx.test.core.app.InstrumentationActivityInvoker$BootstrapActivity@4bb4ba2 in: STARTED
07-15 16:28:17.677  5493  5493 V ActivityScenario: Activity lifecycle changed event received but ignored because the intent does not match. startActivityIntent=Intent { act=android.intent.action.MAIN cat=[android.intent.category.LAUNCHER] cmp=com.example.dogglers/.GridListActivity }, activity.getIntent()=Intent { act=android.intent.action.MAIN cat=[android.intent.category.LAUNCHER] flg=0x10008000 cmp=com.example.dogglers/androidx.test.core.app.InstrumentationActivityInvoker$BootstrapActivity (has extras) }, activity=androidx.test.core.app.InstrumentationActivityInvoker$BootstrapActivity@4bb4ba2
07-15 16:28:17.681  5493  5493 D LifecycleMonitor: Lifecycle status change: androidx.test.core.app.InstrumentationActivityInvoker$BootstrapActivity@4bb4ba2 in: RESUMED
07-15 16:28:17.681  5493  5493 V ActivityScenario: Activity lifecycle changed event received but ignored because the intent does not match. startActivityIntent=Intent { act=android.intent.action.MAIN cat=[android.intent.category.LAUNCHER] cmp=com.example.dogglers/.GridListActivity }, activity.getIntent()=Intent { act=android.intent.action.MAIN cat=[android.intent.category.LAUNCHER] flg=0x10008000 cmp=com.example.dogglers/androidx.test.core.app.InstrumentationActivityInvoker$BootstrapActivity (has extras) }, activity=androidx.test.core.app.InstrumentationActivityInvoker$BootstrapActivity@4bb4ba2
07-15 16:28:17.683  5493  5493 D LifecycleMonitor: Lifecycle status change: androidx.test.core.app.InstrumentationActivityInvoker$BootstrapActivity@4bb4ba2 in: PAUSED
07-15 16:28:17.683  5493  5493 V ActivityScenario: Activity lifecycle changed event received but ignored because the intent does not match. startActivityIntent=Intent { act=android.intent.action.MAIN cat=[android.intent.category.LAUNCHER] cmp=com.example.dogglers/.GridListActivity }, activity.getIntent()=Intent { act=android.intent.action.MAIN cat=[android.intent.category.LAUNCHER] flg=0x10008000 cmp=com.example.dogglers/androidx.test.core.app.InstrumentationActivityInvoker$BootstrapActivity (has extras) }, activity=androidx.test.core.app.InstrumentationActivityInvoker$BootstrapActivity@4bb4ba2
07-15 16:28:17.685   349   349 D goldfish-address-space: claimShared: Ask to claim region [0x3f1974000 0x3f2318000]
07-15 16:28:17.689   349   349 D goldfish-address-space: claimShared: Ask to claim region [0x3f2318000 0x3f2cbc000]
07-15 16:28:17.690   349   401 D goldfish-address-space: claimShared: Ask to claim region [0x3f2cbc000 0x3f3660000]
07-15 16:28:17.697  5493  5493 D LifecycleMonitor: Lifecycle status change: com.example.dogglers.GridListActivity@837bb1c in: PRE_ON_CREATE
07-15 16:28:17.698  5493  5493 V ActivityScenario: Activity lifecycle changed event received but ignored because the reported transition was not ON_CREATE while the last known transition was PRE_ON_CREATE
07-15 16:28:17.703   754  1021 D EGL_emulation: app_time_stats: avg=62.64ms min=13.57ms max=501.37ms count=18
07-15 16:28:17.705   754  1021 D EGL_emulation: app_time_stats: avg=30.19ms min=12.27ms max=366.48ms count=37
07-15 16:28:17.710  5493  5493 D LifecycleMonitor: Lifecycle status change: com.example.dogglers.GridListActivity@837bb1c in: CREATED
07-15 16:28:17.710  5493  5493 V ActivityScenario: Update currentActivityStage to CREATED, currentActivity=com.example.dogglers.GridListActivity@837bb1c
07-15 16:28:17.712  5493  5493 D LifecycleMonitor: Lifecycle status change: com.example.dogglers.GridListActivity@837bb1c in: STARTED
07-15 16:28:17.712  5493  5493 V ActivityScenario: Update currentActivityStage to STARTED, currentActivity=com.example.dogglers.GridListActivity@837bb1c
07-15 16:28:17.713  5493  5493 D LifecycleMonitor: Lifecycle status change: com.example.dogglers.GridListActivity@837bb1c in: RESUMED
07-15 16:28:17.713  5493  5493 V ActivityScenario: Update currentActivityStage to RESUMED, currentActivity=com.example.dogglers.GridListActivity@837bb1c
07-15 16:28:17.721  5493  5493 D LifecycleMonitor: Lifecycle status change: androidx.test.core.app.InstrumentationActivityInvoker$BootstrapActivity@4bb4ba2 in: STOPPED
07-15 16:28:17.721  5493  5493 V ActivityScenario: Activity lifecycle changed event received but ignored because the intent does not match. startActivityIntent=Intent { act=android.intent.action.MAIN cat=[android.intent.category.LAUNCHER] cmp=com.example.dogglers/.GridListActivity }, activity.getIntent()=Intent { act=android.intent.action.MAIN cat=[android.intent.category.LAUNCHER] flg=0x10008000 cmp=com.example.dogglers/androidx.test.core.app.InstrumentationActivityInvoker$BootstrapActivity (has extras) }, activity=androidx.test.core.app.InstrumentationActivityInvoker$BootstrapActivity@4bb4ba2
07-15 16:28:17.739   349   401 D goldfish-address-space: claimShared: Ask to claim region [0x3fad57000 0x3fb6fb000]
07-15 16:28:17.744   349   401 D goldfish-address-space: claimShared: Ask to claim region [0x3f8000000 0x3f89a4000]
07-15 16:28:17.745   349   401 D goldfish-address-space: claimShared: Ask to claim region [0x3f89a4000 0x3f9348000]
07-15 16:28:17.765  1382  1382 I GsaVoiceInteractionSrv: Handling ACTION_STOP_HOTWORD
07-15 16:28:17.765  1382  1382 E HwDetectorWithState: a: 3
07-15 16:28:17.796   579   608 I ActivityTaskManager: Displayed com.example.dogglers/.GridListActivity: +139ms
07-15 16:28:17.807  1303  1303 I GoogleInputMethodService: GoogleInputMethodService.onFinishInput():3420
07-15 16:28:17.807  1303  1303 I GoogleInputMethodService: GoogleInputMethodService.onStartInput():2002
07-15 16:28:17.807  1303  1303 I DeviceUnlockedTag: DeviceUnlockedTag.notifyDeviceLockStatusChanged():31 Notify device unlocked.
07-15 16:28:17.835  5493  5493 I ViewInteraction: Performing 'scroll RecyclerView to position: 5' action on view view.getId() is <2131230937/com.example.dogglers:id/grid_recycler_view>
07-15 16:28:17.860  5493  5493 I ViewInteraction: Checking 'MatchesViewAssertion{viewMatcher=(view has effective visibility <VISIBLE> and view.getGlobalVisibleRect() to return non-empty rectangle)}' assertion on view an instance of android.widget.TextView and view.getText() with or without transformation to match: is "Bella"
07-15 16:28:17.872  5493  5493 D LifecycleMonitor: Lifecycle status change: com.example.dogglers.GridListActivity@837bb1c in: PAUSED
07-15 16:28:17.873  5493  5493 V ActivityScenario: Update currentActivityStage to PAUSED, currentActivity=com.example.dogglers.GridListActivity@837bb1c
07-15 16:28:17.880  5493  5493 D LifecycleMonitor: Lifecycle status change: androidx.test.core.app.InstrumentationActivityInvoker$EmptyActivity@dc7239d in: PRE_ON_CREATE
07-15 16:28:17.880  5493  5493 V ActivityScenario: Activity lifecycle changed event received but ignored because the intent does not match. startActivityIntent=Intent { act=android.intent.action.MAIN cat=[android.intent.category.LAUNCHER] cmp=com.example.dogglers/.GridListActivity }, activity.getIntent()=Intent { act=android.intent.action.MAIN cat=[android.intent.category.LAUNCHER] flg=0x10000000 cmp=com.example.dogglers/androidx.test.core.app.InstrumentationActivityInvoker$EmptyActivity }, activity=androidx.test.core.app.InstrumentationActivityInvoker$EmptyActivity@dc7239d
07-15 16:28:17.884  5493  5493 D LifecycleMonitor: Lifecycle status change: androidx.test.core.app.InstrumentationActivityInvoker$EmptyActivity@dc7239d in: CREATED
07-15 16:28:17.885  5493  5493 V ActivityScenario: Activity lifecycle changed event received but ignored because the intent does not match. startActivityIntent=Intent { act=android.intent.action.MAIN cat=[android.intent.category.LAUNCHER] cmp=com.example.dogglers/.GridListActivity }, activity.getIntent()=Intent { act=android.intent.action.MAIN cat=[android.intent.category.LAUNCHER] flg=0x10000000 cmp=com.example.dogglers/androidx.test.core.app.InstrumentationActivityInvoker$EmptyActivity }, activity=androidx.test.core.app.InstrumentationActivityInvoker$EmptyActivity@dc7239d
07-15 16:28:17.886  5493  5493 D LifecycleMonitor: Lifecycle status change: androidx.test.core.app.InstrumentationActivityInvoker$EmptyActivity@dc7239d in: STARTED
07-15 16:28:17.886  5493  5493 V ActivityScenario: Activity lifecycle changed event received but ignored because the intent does not match. startActivityIntent=Intent { act=android.intent.action.MAIN cat=[android.intent.category.LAUNCHER] cmp=com.example.dogglers/.GridListActivity }, activity.getIntent()=Intent { act=android.intent.action.MAIN cat=[android.intent.category.LAUNCHER] flg=0x10000000 cmp=com.example.dogglers/androidx.test.core.app.InstrumentationActivityInvoker$EmptyActivity }, activity=androidx.test.core.app.InstrumentationActivityInvoker$EmptyActivity@dc7239d
07-15 16:28:17.887  5493  5493 D LifecycleMonitor: Lifecycle status change: androidx.test.core.app.InstrumentationActivityInvoker$EmptyActivity@dc7239d in: RESUMED
07-15 16:28:17.887  5493  5493 V ActivityScenario: Activity lifecycle changed event received but ignored because the intent does not match. startActivityIntent=Intent { act=android.intent.action.MAIN cat=[android.intent.category.LAUNCHER] cmp=com.example.dogglers/.GridListActivity }, activity.getIntent()=Intent { act=android.intent.action.MAIN cat=[android.intent.category.LAUNCHER] flg=0x10000000 cmp=com.example.dogglers/androidx.test.core.app.InstrumentationActivityInvoker$EmptyActivity }, activity=androidx.test.core.app.InstrumentationActivityInvoker$EmptyActivity@dc7239d
07-15 16:28:17.902   349   401 D goldfish-address-space: claimShared: Ask to claim region [0x3f9348000 0x3f9cec000]
07-15 16:28:17.906   349   401 D goldfish-address-space: claimShared: Ask to claim region [0x3fdcec000 0x3fe690000]
07-15 16:28:17.907   349   401 D goldfish-address-space: claimShared: Ask to claim region [0x3fe690000 0x3ff034000]
07-15 16:28:17.911   579   608 I ActivityTaskManager: Displayed com.example.dogglers/androidx.test.core.app.InstrumentationActivityInvoker$EmptyActivity: +47ms
07-15 16:28:17.944  5493  5493 D LifecycleMonitor: Lifecycle status change: androidx.test.core.app.InstrumentationActivityInvoker$EmptyActivity@dc7239d in: PAUSED
07-15 16:28:17.945  5493  5493 V ActivityScenario: Activity lifecycle changed event received but ignored because the intent does not match. startActivityIntent=Intent { act=android.intent.action.MAIN cat=[android.intent.category.LAUNCHER] cmp=com.example.dogglers/.GridListActivity }, activity.getIntent()=Intent { act=android.intent.action.MAIN cat=[android.intent.category.LAUNCHER] flg=0x10000000 cmp=com.example.dogglers/androidx.test.core.app.InstrumentationActivityInvoker$EmptyActivity }, activity=androidx.test.core.app.InstrumentationActivityInvoker$EmptyActivity@dc7239d
07-15 16:28:17.950  5493  5493 D LifecycleMonitor: Lifecycle status change: androidx.test.core.app.InstrumentationActivityInvoker$BootstrapActivity@4bb4ba2 in: DESTROYED
07-15 16:28:17.950  5493  5493 V ActivityScenario: Activity lifecycle changed event received but ignored because the intent does not match. startActivityIntent=Intent { act=android.intent.action.MAIN cat=[android.intent.category.LAUNCHER] cmp=com.example.dogglers/.GridListActivity }, activity.getIntent()=Intent { act=android.intent.action.MAIN cat=[android.intent.category.LAUNCHER] flg=0x10008000 cmp=com.example.dogglers/androidx.test.core.app.InstrumentationActivityInvoker$BootstrapActivity (has extras) }, activity=androidx.test.core.app.InstrumentationActivityInvoker$BootstrapActivity@4bb4ba2
07-15 16:28:17.953  5493  5493 D LifecycleMonitor: Lifecycle status change: androidx.test.core.app.InstrumentationActivityInvoker$EmptyActivity@29dfc0c in: PRE_ON_CREATE
07-15 16:28:17.953  5493  5493 V ActivityScenario: Activity lifecycle changed event received but ignored because the intent does not match. startActivityIntent=Intent { act=android.intent.action.MAIN cat=[android.intent.category.LAUNCHER] cmp=com.example.dogglers/.GridListActivity }, activity.getIntent()=Intent { act=android.intent.action.MAIN cat=[android.intent.category.LAUNCHER] flg=0x10000000 cmp=com.example.dogglers/androidx.test.core.app.InstrumentationActivityInvoker$EmptyActivity }, activity=androidx.test.core.app.InstrumentationActivityInvoker$EmptyActivity@29dfc0c
07-15 16:28:17.957  5493  5493 D LifecycleMonitor: Lifecycle status change: androidx.test.core.app.InstrumentationActivityInvoker$EmptyActivity@29dfc0c in: CREATED
07-15 16:28:17.957  5493  5493 V ActivityScenario: Activity lifecycle changed event received but ignored because the intent does not match. startActivityIntent=Intent { act=android.intent.action.MAIN cat=[android.intent.category.LAUNCHER] cmp=com.example.dogglers/.GridListActivity }, activity.getIntent()=Intent { act=android.intent.action.MAIN cat=[android.intent.category.LAUNCHER] flg=0x10000000 cmp=com.example.dogglers/androidx.test.core.app.InstrumentationActivityInvoker$EmptyActivity }, activity=androidx.test.core.app.InstrumentationActivityInvoker$EmptyActivity@29dfc0c
07-15 16:28:17.958  5493  5493 D LifecycleMonitor: Lifecycle status change: androidx.test.core.app.InstrumentationActivityInvoker$EmptyActivity@29dfc0c in: STARTED
07-15 16:28:17.958  5493  5493 V ActivityScenario: Activity lifecycle changed event received but ignored because the intent does not match. startActivityIntent=Intent { act=android.intent.action.MAIN cat=[android.intent.category.LAUNCHER] cmp=com.example.dogglers/.GridListActivity }, activity.getIntent()=Intent { act=android.intent.action.MAIN cat=[android.intent.category.LAUNCHER] flg=0x10000000 cmp=com.example.dogglers/androidx.test.core.app.InstrumentationActivityInvoker$EmptyActivity }, activity=androidx.test.core.app.InstrumentationActivityInvoker$EmptyActivity@29dfc0c
07-15 16:28:17.959  5493  5493 D LifecycleMonitor: Lifecycle status change: androidx.test.core.app.InstrumentationActivityInvoker$EmptyActivity@29dfc0c in: RESUMED
07-15 16:28:17.959  5493  5493 V ActivityScenario: Activity lifecycle changed event received but ignored because the intent does not match. startActivityIntent=Intent { act=android.intent.action.MAIN cat=[android.intent.category.LAUNCHER] cmp=com.example.dogglers/.GridListActivity }, activity.getIntent()=Intent { act=android.intent.action.MAIN cat=[android.intent.category.LAUNCHER] flg=0x10000000 cmp=com.example.dogglers/androidx.test.core.app.InstrumentationActivityInvoker$EmptyActivity }, activity=androidx.test.core.app.InstrumentationActivityInvoker$EmptyActivity@29dfc0c
07-15 16:28:17.970   349   401 D goldfish-address-space: claimShared: Ask to claim region [0x3ff034000 0x3ff9d8000]
07-15 16:28:17.982   579   612 W InputManager-JNI: Input channel object '2ca44e1 Splash Screen com.example.dogglers (client)' was disposed without first being removed with the input manager!
07-15 16:28:18.011   349   401 D goldfish-address-space: claimShared: Ask to claim region [0x3ec000000 0x3ec9a4000]
07-15 16:28:18.012   349   401 D goldfish-address-space: claimShared: Ask to claim region [0x3ec9a4000 0x3ed348000]
07-15 16:28:18.015  1613  1613 I A       : onApplyWindowInsets: systemWindowInsets=Insets{left=0, top=145, right=0, bottom=132}
07-15 16:28:18.015  1613  1613 I A       : onApplyWindowInsets: Adjusting for display cutouts. Safe insets: left=0, top=136, right=0, bottom=0
07-15 16:28:18.016  1613  1613 I A       : onApplyWindowInsets: systemWindowInsets=Insets{left=0, top=145, right=0, bottom=132}
07-15 16:28:18.019   579   608 I ActivityTaskManager: Displayed com.example.dogglers/androidx.test.core.app.InstrumentationActivityInvoker$EmptyActivity: +100ms
07-15 16:28:18.033  5493  5493 D LifecycleMonitor: Lifecycle status change: androidx.test.core.app.InstrumentationActivityInvoker$EmptyActivity@dc7239d in: STOPPED
07-15 16:28:18.034  5493  5493 V ActivityScenario: Activity lifecycle changed event received but ignored because the intent does not match. startActivityIntent=Intent { act=android.intent.action.MAIN cat=[android.intent.category.LAUNCHER] cmp=com.example.dogglers/.GridListActivity }, activity.getIntent()=Intent { act=android.intent.action.MAIN cat=[android.intent.category.LAUNCHER] flg=0x10000000 cmp=com.example.dogglers/androidx.test.core.app.InstrumentationActivityInvoker$EmptyActivity }, activity=androidx.test.core.app.InstrumentationActivityInvoker$EmptyActivity@dc7239d
07-15 16:28:18.036  5493  5493 D LifecycleMonitor: Lifecycle status change: com.example.dogglers.GridListActivity@837bb1c in: STOPPED
07-15 16:28:18.037  5493  5493 V ActivityScenario: Update currentActivityStage to STOPPED, currentActivity=com.example.dogglers.GridListActivity@837bb1c
07-15 16:28:18.039  5493  5493 D LifecycleMonitor: Lifecycle status change: com.example.dogglers.GridListActivity@837bb1c in: DESTROYED
07-15 16:28:18.039  5493  5493 V ActivityScenario: Update currentActivityStage to DESTROYED, currentActivity=null
07-15 16:28:18.042   579  3190 W InputManager-JNI: Input channel object '58c788e com.example.dogglers/com.example.dogglers.GridListActivity (client)' was disposed without first being removed with the input manager!
07-15 16:28:18.050   349   401 D goldfish-address-space: claimShared: Ask to claim region [0x3ed348000 0x3ed974000]
07-15 16:28:18.071  5493  5493 D LifecycleMonitor: Lifecycle status change: androidx.test.core.app.InstrumentationActivityInvoker$EmptyActivity@dc7239d in: DESTROYED
07-15 16:28:18.072  5493  5493 V ActivityScenario: Activity lifecycle changed event received but ignored because the intent does not match. startActivityIntent=Intent { act=android.intent.action.MAIN cat=[android.intent.category.LAUNCHER] cmp=com.example.dogglers/.GridListActivity }, activity.getIntent()=Intent { act=android.intent.action.MAIN cat=[android.intent.category.LAUNCHER] flg=0x10000000 cmp=com.example.dogglers/androidx.test.core.app.InstrumentationActivityInvoker$EmptyActivity }, activity=androidx.test.core.app.InstrumentationActivityInvoker$EmptyActivity@dc7239d
07-15 16:28:18.073   579   948 W InputManager-JNI: Input channel object '336c1a2 com.example.dogglers/androidx.test.core.app.InstrumentationActivityInvoker$EmptyActivity (client)' was disposed without first being removed with the input manager!
07-15 16:28:18.076  5493  5493 D LifecycleMonitor: Lifecycle status change: androidx.test.core.app.InstrumentationActivityInvoker$EmptyActivity@29dfc0c in: PAUSED
07-15 16:28:18.076  5493  5493 V ActivityScenario: Activity lifecycle changed event received but ignored because the intent does not match. startActivityIntent=Intent { act=android.intent.action.MAIN cat=[android.intent.category.LAUNCHER] cmp=com.example.dogglers/.GridListActivity }, activity.getIntent()=Intent { act=android.intent.action.MAIN cat=[android.intent.category.LAUNCHER] flg=0x10000000 cmp=com.example.dogglers/androidx.test.core.app.InstrumentationActivityInvoker$EmptyActivity }, activity=androidx.test.core.app.InstrumentationActivityInvoker$EmptyActivity@29dfc0c
07-15 16:28:18.080  5493  5515 I TestRunner: finished: grid_list_content_at_last_position(com.example.dogglers.GridListTests)
