07-15 16:28:15.501  5493  5515 I TestRunner: started: grid_list_content_on_first_page(com.example.dogglers.GridListTests)
07-15 16:28:15.504  5493  5515 W Settings: Setting always_finish_activities has moved from android.provider.Settings.System to android.provider.Settings.Global, returning read-only value.
07-15 16:28:15.513   754  1017 D SplashScreenView: Build android.window.SplashScreenView{3d97b07 V.E...... ......ID 0,0-0,0}
07-15 16:28:15.513   754  1017 D SplashScreenView: Icon: view: null drawable: null size: 0
07-15 16:28:15.513   754  1017 D SplashScreenView: Branding: view: android.view.View{57fb434 G.ED..... ......I. 0,0-0,0 #10204a6 android:id/splashscreen_branding_view} drawable: null size w: 0 h: 0
07-15 16:28:15.523  5493  5493 D LifecycleMonitor: Lifecycle status change: androidx.test.core.app.InstrumentationActivityInvoker$BootstrapActivity@93e2daa in: PRE_ON_CREATE
07-15 16:28:15.523  5493  5493 V ActivityScenario: Activity lifecycle changed event received but ignored because the intent does not match. startActivityIntent=Intent { act=android.intent.action.MAIN cat=[android.intent.category.LAUNCHER] cmp=com.example.dogglers/.GridListActivity }, activity.getIntent()=Intent { act=android.intent.action.MAIN cat=[android.intent.category.LAUNCHER] flg=0x10008000 cmp=com.example.dogglers/androidx.test.core.app.InstrumentationActivityInvoker$BootstrapActivity (has extras) }, activity=androidx.test.core.app.InstrumentationActivityInvoker$BootstrapActivity@93e2daa
07-15 16:28:15.527  5493  5493 D LifecycleMonitor: Lifecycle status change: androidx.test.core.app.InstrumentationActivityInvoker$BootstrapActivity@93e2daa in: CREATED
07-15 16:28:15.527  5493  5493 V ActivityScenario: Activity lifecycle changed event received but ignored because the intent does not match. startActivityIntent=Intent { act=android.intent.action.MAIN cat=[android.intent.category.LAUNCHER] cmp=com.example.dogglers/.GridListActivity }, activity.getIntent()=Intent { act=android.intent.action.MAIN cat=[android.intent.category.LAUNCHER] flg=0x10008000 cmp=com.example.dogglers/androidx.test.core.app.InstrumentationActivityInvoker$BootstrapActivity (has extras) }, activity=androidx.test.core.app.InstrumentationActivityInvoker$BootstrapActivity@93e2daa
07-15 16:28:15.528  5493  5493 D LifecycleMonitor: Lifecycle status change: androidx.test.core.app.InstrumentationActivityInvoker$BootstrapActivity@93e2daa in: STARTED
07-15 16:28:15.529  5493  5493 V ActivityScenario: Activity lifecycle changed event received but ignored because the intent does not match. startActivityIntent=Intent { act=android.intent.action.MAIN cat=[android.intent.category.LAUNCHER] cmp=com.example.dogglers/.GridListActivity }, activity.getIntent()=Intent { act=android.intent.action.MAIN cat=[android.intent.category.LAUNCHER] flg=0x10008000 cmp=com.example.dogglers/androidx.test.core.app.InstrumentationActivityInvoker$BootstrapActivity (has extras) }, activity=androidx.test.core.app.InstrumentationActivityInvoker$BootstrapActivity@93e2daa
07-15 16:28:15.533  5493  5493 D LifecycleMonitor: Lifecycle status change: androidx.test.core.app.InstrumentationActivityInvoker$BootstrapActivity@93e2daa in: RESUMED
07-15 16:28:15.533  5493  5493 V ActivityScenario: Activity lifecycle changed event received but ignored because the intent does not match. startActivityIntent=Intent { act=android.intent.action.MAIN cat=[android.intent.category.LAUNCHER] cmp=com.example.dogglers/.GridListActivity }, activity.getIntent()=Intent { act=android.intent.action.MAIN cat=[android.intent.category.LAUNCHER] flg=0x10008000 cmp=com.example.dogglers/androidx.test.core.app.InstrumentationActivityInvoker$BootstrapActivity (has extras) }, activity=androidx.test.core.app.InstrumentationActivityInvoker$BootstrapActivity@93e2daa
07-15 16:28:15.536  5493  5493 D LifecycleMonitor: Lifecycle status change: androidx.test.core.app.InstrumentationActivityInvoker$BootstrapActivity@93e2daa in: PAUSED
07-15 16:28:15.536   349   349 D goldfish-address-space: claimShared: Ask to claim region [0x3f1348000 0x3f1cec000]
07-15 16:28:15.536  5493  5493 V ActivityScenario: Activity lifecycle changed event received but ignored because the intent does not match. startActivityIntent=Intent { act=android.intent.action.MAIN cat=[android.intent.category.LAUNCHER] cmp=com.example.dogglers/.GridListActivity }, activity.getIntent()=Intent { act=android.intent.action.MAIN cat=[android.intent.category.LAUNCHER] flg=0x10008000 cmp=com.example.dogglers/androidx.test.core.app.InstrumentationActivityInvoker$BootstrapActivity (has extras) }, activity=androidx.test.core.app.InstrumentationActivityInvoker$BootstrapActivity@93e2daa
07-15 16:28:15.542   349   349 D goldfish-address-space: claimShared: Ask to claim region [0x3f1cec000 0x3f2690000]
07-15 16:28:15.543   349   349 D goldfish-address-space: claimShared: Ask to claim region [0x3f2690000 0x3f3034000]
07-15 16:28:15.549  5493  5493 D LifecycleMonitor: Lifecycle status change: com.example.dogglers.GridListActivity@aec547c in: PRE_ON_CREATE
07-15 16:28:15.549  5493  5493 V ActivityScenario: Activity lifecycle changed event received but ignored because the reported transition was not ON_CREATE while the last known transition was PRE_ON_CREATE
07-15 16:28:15.553   754  1021 D EGL_emulation: app_time_stats: avg=78.45ms min=13.18ms max=736.41ms count=18
07-15 16:28:15.555   754  1021 D EGL_emulation: app_time_stats: avg=29.42ms min=0.66ms max=417.10ms count=45
07-15 16:28:15.563  5493  5493 D LifecycleMonitor: Lifecycle status change: com.example.dogglers.GridListActivity@aec547c in: CREATED
07-15 16:28:15.564  5493  5493 V ActivityScenario: Update currentActivityStage to CREATED, currentActivity=com.example.dogglers.GridListActivity@aec547c
07-15 16:28:15.565  5493  5493 D LifecycleMonitor: Lifecycle status change: com.example.dogglers.GridListActivity@aec547c in: STARTED
07-15 16:28:15.565  5493  5493 V ActivityScenario: Update currentActivityStage to STARTED, currentActivity=com.example.dogglers.GridListActivity@aec547c
07-15 16:28:15.566  5493  5493 D LifecycleMonitor: Lifecycle status change: com.example.dogglers.GridListActivity@aec547c in: RESUMED
07-15 16:28:15.566  5493  5493 V ActivityScenario: Update currentActivityStage to RESUMED, currentActivity=com.example.dogglers.GridListActivity@aec547c
07-15 16:28:15.574  5493  5493 D LifecycleMonitor: Lifecycle status change: androidx.test.core.app.InstrumentationActivityInvoker$BootstrapActivity@93e2daa in: STOPPED
07-15 16:28:15.574  5493  5493 V ActivityScenario: Activity lifecycle changed event received but ignored because the intent does not match. startActivityIntent=Intent { act=android.intent.action.MAIN cat=[android.intent.category.LAUNCHER] cmp=com.example.dogglers/.GridListActivity }, activity.getIntent()=Intent { act=android.intent.action.MAIN cat=[android.intent.category.LAUNCHER] flg=0x10008000 cmp=com.example.dogglers/androidx.test.core.app.InstrumentationActivityInvoker$BootstrapActivity (has extras) }, activity=androidx.test.core.app.InstrumentationActivityInvoker$BootstrapActivity@93e2daa
07-15 16:28:15.589   349   349 D goldfish-address-space: claimShared: Ask to claim region [0x3f3034000 0x3f39d8000]
07-15 16:28:15.594   349   349 D goldfish-address-space: claimShared: Ask to claim region [0x3f5548000 0x3f5eec000]
07-15 16:28:15.595   349   349 D goldfish-address-space: claimShared: Ask to claim region [0x3f4000000 0x3f49a4000]
07-15 16:28:15.617  1382  1382 I GsaVoiceInteractionSrv: Handling ACTION_STOP_HOTWORD
07-15 16:28:15.617  1382  1382 E HwDetectorWithState: a: 3
07-15 16:28:15.717   579   608 I ActivityTaskManager: Displayed com.example.dogglers/.GridListActivity: +206ms
07-15 16:28:15.720  5493  5493 D RootViewPicker: Root not ready - waiting: 10ms for one to appear.
07-15 16:28:15.735  1303  1303 I GoogleInputMethodService: GoogleInputMethodService.onFinishInput():3420
07-15 16:28:15.735  1303  1303 I GoogleInputMethodService: GoogleInputMethodService.onStartInput():2002
07-15 16:28:15.736  1303  1303 I DeviceUnlockedTag: DeviceUnlockedTag.notifyDeviceLockStatusChanged():31 Notify device unlocked.
07-15 16:28:15.768  5493  5493 I ViewInteraction: Checking 'MatchesViewAssertion{viewMatcher=(view has effective visibility <VISIBLE> and view.getGlobalVisibleRect() to return non-empty rectangle)}' assertion on view an instance of android.widget.TextView and view.getText() with or without transformation to match: is "Nox"
07-15 16:28:15.776  5493  5493 D LifecycleMonitor: Lifecycle status change: com.example.dogglers.GridListActivity@aec547c in: PAUSED
07-15 16:28:15.776  5493  5493 V ActivityScenario: Update currentActivityStage to PAUSED, currentActivity=com.example.dogglers.GridListActivity@aec547c
07-15 16:28:15.783  5493  5493 D LifecycleMonitor: Lifecycle status change: androidx.test.core.app.InstrumentationActivityInvoker$EmptyActivity@9dfc388 in: PRE_ON_CREATE
07-15 16:28:15.783  5493  5493 V ActivityScenario: Activity lifecycle changed event received but ignored because the intent does not match. startActivityIntent=Intent { act=android.intent.action.MAIN cat=[android.intent.category.LAUNCHER] cmp=com.example.dogglers/.GridListActivity }, activity.getIntent()=Intent { act=android.intent.action.MAIN cat=[android.intent.category.LAUNCHER] flg=0x10000000 cmp=com.example.dogglers/androidx.test.core.app.InstrumentationActivityInvoker$EmptyActivity }, activity=androidx.test.core.app.InstrumentationActivityInvoker$EmptyActivity@9dfc388
07-15 16:28:15.787  5493  5493 D LifecycleMonitor: Lifecycle status change: androidx.test.core.app.InstrumentationActivityInvoker$EmptyActivity@9dfc388 in: CREATED
07-15 16:28:15.787  5493  5493 V ActivityScenario: Activity lifecycle changed event received but ignored because the intent does not match. startActivityIntent=Intent { act=android.intent.action.MAIN cat=[android.intent.category.LAUNCHER] cmp=com.example.dogglers/.GridListActivity }, activity.getIntent()=Intent { act=android.intent.action.MAIN cat=[android.intent.category.LAUNCHER] flg=0x10000000 cmp=com.example.dogglers/androidx.test.core.app.InstrumentationActivityInvoker$EmptyActivity }, activity=androidx.test.core.app.InstrumentationActivityInvoker$EmptyActivity@9dfc388
07-15 16:28:15.788  5493  5493 D LifecycleMonitor: Lifecycle status change: androidx.test.core.app.InstrumentationActivityInvoker$EmptyActivity@9dfc388 in: STARTED
07-15 16:28:15.788  5493  5493 V ActivityScenario: Activity lifecycle changed event received but ignored because the intent does not match. startActivityIntent=Intent { act=android.intent.action.MAIN cat=[android.intent.category.LAUNCHER] cmp=com.example.dogglers/.GridListActivity }, activity.getIntent()=Intent { act=android.intent.action.MAIN cat=[android.intent.category.LAUNCHER] flg=0x10000000 cmp=com.example.dogglers/androidx.test.core.app.InstrumentationActivityInvoker$EmptyActivity }, activity=androidx.test.core.app.InstrumentationActivityInvoker$EmptyActivity@9dfc388
07-15 16:28:15.790  5493  5493 D LifecycleMonitor: Lifecycle status change: androidx.test.core.app.InstrumentationActivityInvoker$EmptyActivity@9dfc388 in: RESUMED
07-15 16:28:15.790  5493  5493 V ActivityScenario: Activity lifecycle changed event received but ignored because the intent does not match. startActivityIntent=Intent { act=android.intent.action.MAIN cat=[android.intent.category.LAUNCHER] cmp=com.example.dogglers/.GridListActivity }, activity.getIntent()=Intent { act=android.intent.action.MAIN cat=[android.intent.category.LAUNCHER] flg=0x10000000 cmp=com.example.dogglers/androidx.test.core.app.InstrumentationActivityInvoker$EmptyActivity }, activity=androidx.test.core.app.InstrumentationActivityInvoker$EmptyActivity@9dfc388
07-15 16:28:15.801   349   349 D goldfish-address-space: claimShared: Ask to claim region [0x3f49a4000 0x3f5348000]
07-15 16:28:15.805   349   349 D goldfish-address-space: claimShared: Ask to claim region [0x3f8000000 0x3f89a4000]
07-15 16:28:15.806   349   401 D goldfish-address-space: claimShared: Ask to claim region [0x3f9348000 0x3f9cec000]
07-15 16:28:15.812   579   608 I ActivityTaskManager: Displayed com.example.dogglers/androidx.test.core.app.InstrumentationActivityInvoker$EmptyActivity: +40ms
07-15 16:28:15.832   579   612 W InputManager-JNI: Input channel object 'd88a630 Splash Screen com.example.dogglers (client)' was disposed without first being removed with the input manager!
07-15 16:28:15.837  5493  5493 D LifecycleMonitor: Lifecycle status change: androidx.test.core.app.InstrumentationActivityInvoker$BootstrapActivity@93e2daa in: DESTROYED
07-15 16:28:15.837  5493  5493 V ActivityScenario: Activity lifecycle changed event received but ignored because the intent does not match. startActivityIntent=Intent { act=android.intent.action.MAIN cat=[android.intent.category.LAUNCHER] cmp=com.example.dogglers/.GridListActivity }, activity.getIntent()=Intent { act=android.intent.action.MAIN cat=[android.intent.category.LAUNCHER] flg=0x10008000 cmp=com.example.dogglers/androidx.test.core.app.InstrumentationActivityInvoker$BootstrapActivity (has extras) }, activity=androidx.test.core.app.InstrumentationActivityInvoker$BootstrapActivity@93e2daa
07-15 16:28:15.839  1303  1303 I GoogleInputMethodService: GoogleInputMethodService.onFinishInput():3420
07-15 16:28:15.839  1303  1303 I GoogleInputMethodService: GoogleInputMethodService.onStartInput():2002
07-15 16:28:15.840  1303  1303 I DeviceUnlockedTag: DeviceUnlockedTag.notifyDeviceLockStatusChanged():31 Notify device unlocked.
07-15 16:28:15.841  5493  5493 D LifecycleMonitor: Lifecycle status change: androidx.test.core.app.InstrumentationActivityInvoker$EmptyActivity@9dfc388 in: PAUSED
07-15 16:28:15.841  5493  5493 V ActivityScenario: Activity lifecycle changed event received but ignored because the intent does not match. startActivityIntent=Intent { act=android.intent.action.MAIN cat=[android.intent.category.LAUNCHER] cmp=com.example.dogglers/.GridListActivity }, activity.getIntent()=Intent { act=android.intent.action.MAIN cat=[android.intent.category.LAUNCHER] flg=0x10000000 cmp=com.example.dogglers/androidx.test.core.app.InstrumentationActivityInvoker$EmptyActivity }, activity=androidx.test.core.app.InstrumentationActivityInvoker$EmptyActivity@9dfc388
07-15 16:28:15.846  5493  5493 D LifecycleMonitor: Lifecycle status change: androidx.test.core.app.InstrumentationActivityInvoker$EmptyActivity@f994ca3 in: PRE_ON_CREATE
07-15 16:28:15.847  5493  5493 V ActivityScenario: Activity lifecycle changed event received but ignored because the intent does not match. startActivityIntent=Intent { act=android.intent.action.MAIN cat=[android.intent.category.LAUNCHER] cmp=com.example.dogglers/.GridListActivity }, activity.getIntent()=Intent { act=android.intent.action.MAIN cat=[android.intent.category.LAUNCHER] flg=0x10000000 cmp=com.example.dogglers/androidx.test.core.app.InstrumentationActivityInvoker$EmptyActivity }, activity=androidx.test.core.app.InstrumentationActivityInvoker$EmptyActivity@f994ca3
07-15 16:28:15.852   579   948 D WifiNl80211Manager: Scan result ready event
07-15 16:28:15.852   579   948 D WifiNative: Scan result ready event
07-15 16:28:15.855  1613  1613 I A       : onApplyWindowInsets: systemWindowInsets=Insets{left=0, top=145, right=0, bottom=132}
07-15 16:28:15.856  1613  1613 I A       : onApplyWindowInsets: Adjusting for display cutouts. Safe insets: left=0, top=136, right=0, bottom=0
07-15 16:28:15.856  1613  1613 I A       : onApplyWindowInsets: systemWindowInsets=Insets{left=0, top=145, right=0, bottom=132}
07-15 16:28:15.858  5493  5493 D LifecycleMonitor: Lifecycle status change: androidx.test.core.app.InstrumentationActivityInvoker$EmptyActivity@f994ca3 in: CREATED
07-15 16:28:15.859  5493  5493 V ActivityScenario: Activity lifecycle changed event received but ignored because the intent does not match. startActivityIntent=Intent { act=android.intent.action.MAIN cat=[android.intent.category.LAUNCHER] cmp=com.example.dogglers/.GridListActivity }, activity.getIntent()=Intent { act=android.intent.action.MAIN cat=[android.intent.category.LAUNCHER] flg=0x10000000 cmp=com.example.dogglers/androidx.test.core.app.InstrumentationActivityInvoker$EmptyActivity }, activity=androidx.test.core.app.InstrumentationActivityInvoker$EmptyActivity@f994ca3
07-15 16:28:15.860  5493  5493 D LifecycleMonitor: Lifecycle status change: androidx.test.core.app.InstrumentationActivityInvoker$EmptyActivity@f994ca3 in: STARTED
07-15 16:28:15.861  5493  5493 V ActivityScenario: Activity lifecycle changed event received but ignored because the intent does not match. startActivityIntent=Intent { act=android.intent.action.MAIN cat=[android.intent.category.LAUNCHER] cmp=com.example.dogglers/.GridListActivity }, activity.getIntent()=Intent { act=android.intent.action.MAIN cat=[android.intent.category.LAUNCHER] flg=0x10000000 cmp=com.example.dogglers/androidx.test.core.app.InstrumentationActivityInvoker$EmptyActivity }, activity=androidx.test.core.app.InstrumentationActivityInvoker$EmptyActivity@f994ca3
07-15 16:28:15.862  5493  5493 D LifecycleMonitor: Lifecycle status change: androidx.test.core.app.InstrumentationActivityInvoker$EmptyActivity@f994ca3 in: RESUMED
07-15 16:28:15.862  5493  5493 V ActivityScenario: Activity lifecycle changed event received but ignored because the intent does not match. startActivityIntent=Intent { act=android.intent.action.MAIN cat=[android.intent.category.LAUNCHER] cmp=com.example.dogglers/.GridListActivity }, activity.getIntent()=Intent { act=android.intent.action.MAIN cat=[android.intent.category.LAUNCHER] flg=0x10000000 cmp=com.example.dogglers/androidx.test.core.app.InstrumentationActivityInvoker$EmptyActivity }, activity=androidx.test.core.app.InstrumentationActivityInvoker$EmptyActivity@f994ca3
07-15 16:28:15.879   349   401 D goldfish-address-space: claimShared: Ask to claim region [0x3f6890000 0x3f7234000]
07-15 16:28:15.888   349   401 D goldfish-address-space: claimShared: Ask to claim region [0x3f09a4000 0x3f1348000]
07-15 16:28:15.890   349   401 D goldfish-address-space: claimShared: Ask to claim region [0x3f3034000 0x3f39d8000]
07-15 16:28:15.894  5493  5493 D LifecycleMonitor: Lifecycle status change: com.example.dogglers.GridListActivity@aec547c in: STOPPED
07-15 16:28:15.894   579   608 I ActivityTaskManager: Displayed com.example.dogglers/androidx.test.core.app.InstrumentationActivityInvoker$EmptyActivity: +74ms
07-15 16:28:15.895  5493  5493 V ActivityScenario: Update currentActivityStage to STOPPED, currentActivity=com.example.dogglers.GridListActivity@aec547c
07-15 16:28:15.896  5493  5493 D LifecycleMonitor: Lifecycle status change: com.example.dogglers.GridListActivity@aec547c in: DESTROYED
07-15 16:28:15.896  5493  5493 V ActivityScenario: Update currentActivityStage to DESTROYED, currentActivity=null
07-15 16:28:15.899   579   948 W InputManager-JNI: Input channel object '6a23cea com.example.dogglers/com.example.dogglers.GridListActivity (client)' was disposed without first being removed with the input manager!
07-15 16:28:15.905  5493  5493 D LifecycleMonitor: Lifecycle status change: androidx.test.core.app.InstrumentationActivityInvoker$EmptyActivity@9dfc388 in: STOPPED
07-15 16:28:15.905  5493  5493 V ActivityScenario: Activity lifecycle changed event received but ignored because the intent does not match. startActivityIntent=Intent { act=android.intent.action.MAIN cat=[android.intent.category.LAUNCHER] cmp=com.example.dogglers/.GridListActivity }, activity.getIntent()=Intent { act=android.intent.action.MAIN cat=[android.intent.category.LAUNCHER] flg=0x10000000 cmp=com.example.dogglers/androidx.test.core.app.InstrumentationActivityInvoker$EmptyActivity }, activity=androidx.test.core.app.InstrumentationActivityInvoker$EmptyActivity@9dfc388
07-15 16:28:15.907  1303  1303 I GoogleInputMethodService: GoogleInputMethodService.onFinishInput():3420
07-15 16:28:15.907  1303  1303 I GoogleInputMethodService: GoogleInputMethodService.onStartInput():2002
07-15 16:28:15.908  1303  1303 I DeviceUnlockedTag: DeviceUnlockedTag.notifyDeviceLockStatusChanged():31 Notify device unlocked.
07-15 16:28:15.925   349   401 D goldfish-address-space: claimShared: Ask to claim region [0x3f5548000 0x3f5b74000]
07-15 16:28:15.933  5493  5493 D LifecycleMonitor: Lifecycle status change: androidx.test.core.app.InstrumentationActivityInvoker$EmptyActivity@9dfc388 in: DESTROYED
07-15 16:28:15.933  5493  5493 V ActivityScenario: Activity lifecycle changed event received but ignored because the intent does not match. startActivityIntent=Intent { act=android.intent.action.MAIN cat=[android.intent.category.LAUNCHER] cmp=com.example.dogglers/.GridListActivity }, activity.getIntent()=Intent { act=android.intent.action.MAIN cat=[android.intent.category.LAUNCHER] flg=0x10000000 cmp=com.example.dogglers/androidx.test.core.app.InstrumentationActivityInvoker$EmptyActivity }, activity=androidx.test.core.app.InstrumentationActivityInvoker$EmptyActivity@9dfc388
07-15 16:28:15.934   579  1442 W InputManager-JNI: Input channel object '8a5363e com.example.dogglers/androidx.test.core.app.InstrumentationActivityInvoker$EmptyActivity (client)' was disposed without first being removed with the input manager!
07-15 16:28:15.938  5493  5493 D LifecycleMonitor: Lifecycle status change: androidx.test.core.app.InstrumentationActivityInvoker$EmptyActivity@f994ca3 in: PAUSED
07-15 16:28:15.938  5493  5493 V ActivityScenario: Activity lifecycle changed event received but ignored because the intent does not match. startActivityIntent=Intent { act=android.intent.action.MAIN cat=[android.intent.category.LAUNCHER] cmp=com.example.dogglers/.GridListActivity }, activity.getIntent()=Intent { act=android.intent.action.MAIN cat=[android.intent.category.LAUNCHER] flg=0x10000000 cmp=com.example.dogglers/androidx.test.core.app.InstrumentationActivityInvoker$EmptyActivity }, activity=androidx.test.core.app.InstrumentationActivityInvoker$EmptyActivity@f994ca3
07-15 16:28:15.941  5493  5515 I TestRunner: finished: grid_list_content_on_first_page(com.example.dogglers.GridListTests)
