06-25 22:20:24.215 26971 26992 I TestRunner: started: vertical_scroll_content_at_first_position(com.example.dogglers.VerticalListTests)
06-25 22:20:24.219 26971 26992 W Settings: Setting always_finish_activities has moved from android.provider.Settings.System to android.provider.Settings.Global, returning read-only value.
06-25 22:20:24.229   867   931 D SplashScreenView: Build android.window.SplashScreenView{72f2c41 V.E...... ......ID 0,0-0,0}
06-25 22:20:24.229   867   931 D SplashScreenView: Icon: view: null drawable: null size: 0
06-25 22:20:24.229   867   931 D SplashScreenView: Branding: view: android.view.View{9d7d5e6 G.ED..... ......I. 0,0-0,0 #10204a6 android:id/splashscreen_branding_view} drawable: null size w: 0 h: 0
06-25 22:20:24.235 26971 26971 D LifecycleMonitor: Lifecycle status change: androidx.test.core.app.InstrumentationActivityInvoker$BootstrapActivity@b2800d1 in: PRE_ON_CREATE
06-25 22:20:24.235 26971 26971 V ActivityScenario: Activity lifecycle changed event received but ignored because the intent does not match. startActivityIntent=Intent { act=android.intent.action.MAIN cat=[android.intent.category.LAUNCHER] cmp=com.example.dogglers/.VerticalListActivity }, activity.getIntent()=Intent { act=android.intent.action.MAIN cat=[android.intent.category.LAUNCHER] flg=0x10008000 cmp=com.example.dogglers/androidx.test.core.app.InstrumentationActivityInvoker$BootstrapActivity (has extras) }, activity=androidx.test.core.app.InstrumentationActivityInvoker$BootstrapActivity@b2800d1
06-25 22:20:24.239 26971 26971 D LifecycleMonitor: Lifecycle status change: androidx.test.core.app.InstrumentationActivityInvoker$BootstrapActivity@b2800d1 in: CREATED
06-25 22:20:24.239 26971 26971 V ActivityScenario: Activity lifecycle changed event received but ignored because the intent does not match. startActivityIntent=Intent { act=android.intent.action.MAIN cat=[android.intent.category.LAUNCHER] cmp=com.example.dogglers/.VerticalListActivity }, activity.getIntent()=Intent { act=android.intent.action.MAIN cat=[android.intent.category.LAUNCHER] flg=0x10008000 cmp=com.example.dogglers/androidx.test.core.app.InstrumentationActivityInvoker$BootstrapActivity (has extras) }, activity=androidx.test.core.app.InstrumentationActivityInvoker$BootstrapActivity@b2800d1
06-25 22:20:24.240 26971 26971 D LifecycleMonitor: Lifecycle status change: androidx.test.core.app.InstrumentationActivityInvoker$BootstrapActivity@b2800d1 in: STARTED
06-25 22:20:24.240 26971 26971 V ActivityScenario: Activity lifecycle changed event received but ignored because the intent does not match. startActivityIntent=Intent { act=android.intent.action.MAIN cat=[android.intent.category.LAUNCHER] cmp=com.example.dogglers/.VerticalListActivity }, activity.getIntent()=Intent { act=android.intent.action.MAIN cat=[android.intent.category.LAUNCHER] flg=0x10008000 cmp=com.example.dogglers/androidx.test.core.app.InstrumentationActivityInvoker$BootstrapActivity (has extras) }, activity=androidx.test.core.app.InstrumentationActivityInvoker$BootstrapActivity@b2800d1
06-25 22:20:24.242   358   358 D goldfish-address-space: claimShared: Ask to claim region [0x3ed284000 0x3edc28000]
06-25 22:20:24.245   358   358 D goldfish-address-space: claimShared: Ask to claim region [0x3edc28000 0x3ee5cc000]
06-25 22:20:24.247   358   358 D goldfish-address-space: claimShared: Ask to claim region [0x3ee5cc000 0x3eef70000]
06-25 22:20:24.250 26971 26971 D LifecycleMonitor: Lifecycle status change: androidx.test.core.app.InstrumentationActivityInvoker$BootstrapActivity@b2800d1 in: RESUMED
06-25 22:20:24.251 26971 26971 V ActivityScenario: Activity lifecycle changed event received but ignored because the intent does not match. startActivityIntent=Intent { act=android.intent.action.MAIN cat=[android.intent.category.LAUNCHER] cmp=com.example.dogglers/.VerticalListActivity }, activity.getIntent()=Intent { act=android.intent.action.MAIN cat=[android.intent.category.LAUNCHER] flg=0x10008000 cmp=com.example.dogglers/androidx.test.core.app.InstrumentationActivityInvoker$BootstrapActivity (has extras) }, activity=androidx.test.core.app.InstrumentationActivityInvoker$BootstrapActivity@b2800d1
06-25 22:20:24.253 26971 26971 D LifecycleMonitor: Lifecycle status change: androidx.test.core.app.InstrumentationActivityInvoker$BootstrapActivity@b2800d1 in: PAUSED
06-25 22:20:24.254 26971 26971 V ActivityScenario: Activity lifecycle changed event received but ignored because the intent does not match. startActivityIntent=Intent { act=android.intent.action.MAIN cat=[android.intent.category.LAUNCHER] cmp=com.example.dogglers/.VerticalListActivity }, activity.getIntent()=Intent { act=android.intent.action.MAIN cat=[android.intent.category.LAUNCHER] flg=0x10008000 cmp=com.example.dogglers/androidx.test.core.app.InstrumentationActivityInvoker$BootstrapActivity (has extras) }, activity=androidx.test.core.app.InstrumentationActivityInvoker$BootstrapActivity@b2800d1
06-25 22:20:24.266 26971 26971 D LifecycleMonitor: Lifecycle status change: com.example.dogglers.VerticalListActivity@aeaeed3 in: PRE_ON_CREATE
06-25 22:20:24.266 26971 26971 V ActivityScenario: Activity lifecycle changed event received but ignored because the reported transition was not ON_CREATE while the last known transition was PRE_ON_CREATE
06-25 22:20:24.273  2577  2577 I A       : onApplyWindowInsets: systemWindowInsets=Insets{left=0, top=145, right=0, bottom=132}
06-25 22:20:24.273  2577  2577 I A       : onApplyWindowInsets: Adjusting for display cutouts. Safe insets: left=0, top=136, right=0, bottom=0
06-25 22:20:24.273  2577  2577 I A       : onApplyWindowInsets: systemWindowInsets=Insets{left=0, top=145, right=0, bottom=132}
06-25 22:20:24.276  2671  2671 I GsaVoiceInteractionSrv: Handling ACTION_STOP_HOTWORD
06-25 22:20:24.277  2671  2671 E HwDetectorWithState: a: 3
06-25 22:20:24.282 26971 26971 D LifecycleMonitor: Lifecycle status change: com.example.dogglers.VerticalListActivity@aeaeed3 in: CREATED
06-25 22:20:24.283 26971 26971 V ActivityScenario: Update currentActivityStage to CREATED, currentActivity=com.example.dogglers.VerticalListActivity@aeaeed3
06-25 22:20:24.284 26971 26971 D LifecycleMonitor: Lifecycle status change: com.example.dogglers.VerticalListActivity@aeaeed3 in: STARTED
06-25 22:20:24.284 26971 26971 V ActivityScenario: Update currentActivityStage to STARTED, currentActivity=com.example.dogglers.VerticalListActivity@aeaeed3
06-25 22:20:24.285 26971 26971 D LifecycleMonitor: Lifecycle status change: com.example.dogglers.VerticalListActivity@aeaeed3 in: RESUMED
06-25 22:20:24.285 26971 26971 V ActivityScenario: Update currentActivityStage to RESUMED, currentActivity=com.example.dogglers.VerticalListActivity@aeaeed3
06-25 22:20:24.315   358   358 D goldfish-address-space: claimShared: Ask to claim region [0x3ec000000 0x3ec9a4000]
06-25 22:20:24.319   358   358 D goldfish-address-space: claimShared: Ask to claim region [0x3f0000000 0x3f09a4000]
06-25 22:20:24.319   358   358 D goldfish-address-space: claimShared: Ask to claim region [0x3f0fd0000 0x3f1974000]
06-25 22:20:24.353 26971 26971 D RootViewPicker: Root not ready - waiting: 10ms for one to appear.
06-25 22:20:24.361  1493  1493 I GoogleInputMethodService: GoogleInputMethodService.onFinishInput():3420
06-25 22:20:24.362  1493  1493 I GoogleInputMethodService: GoogleInputMethodService.onStartInput():2002
06-25 22:20:24.362  1493  1493 I DeviceUnlockedTag: DeviceUnlockedTag.notifyDeviceLockStatusChanged():31 Notify device unlocked.
06-25 22:20:24.394 26971 26971 I ViewInteraction: Checking 'MatchesViewAssertion{viewMatcher=(view has effective visibility <VISIBLE> and view.getGlobalVisibleRect() to return non-empty rectangle)}' assertion on view an instance of android.widget.TextView and view.getText() with or without transformation to match: is "Tzeitel"
06-25 22:20:24.396 26971 26971 I ViewInteraction: Checking 'MatchesViewAssertion{viewMatcher=(view has effective visibility <VISIBLE> and view.getGlobalVisibleRect() to return non-empty rectangle)}' assertion on view an instance of android.widget.TextView and view.getText() with or without transformation to match: is "Age: 7"
06-25 22:20:24.398 26971 26971 I ViewInteraction: Checking 'MatchesViewAssertion{viewMatcher=(view has effective visibility <VISIBLE> and view.getGlobalVisibleRect() to return non-empty rectangle)}' assertion on view an instance of android.widget.TextView and view.getText() with or without transformation to match: is "Hobbies: sunbathing"
06-25 22:20:24.602 26971 26971 I ViewInteraction: Checking 'MatchesViewAssertion{viewMatcher=(view has effective visibility <VISIBLE> and view.getGlobalVisibleRect() to return non-empty rectangle)}' assertion on view has drawable resource 2131165345
06-25 22:20:24.611 26971 26971 D LifecycleMonitor: Lifecycle status change: com.example.dogglers.VerticalListActivity@aeaeed3 in: PAUSED
06-25 22:20:24.611 26971 26971 V ActivityScenario: Update currentActivityStage to PAUSED, currentActivity=com.example.dogglers.VerticalListActivity@aeaeed3
06-25 22:20:24.618 26971 26971 D LifecycleMonitor: Lifecycle status change: androidx.test.core.app.InstrumentationActivityInvoker$EmptyActivity@2152693 in: PRE_ON_CREATE
06-25 22:20:24.618 26971 26971 V ActivityScenario: Activity lifecycle changed event received but ignored because the intent does not match. startActivityIntent=Intent { act=android.intent.action.MAIN cat=[android.intent.category.LAUNCHER] cmp=com.example.dogglers/.VerticalListActivity }, activity.getIntent()=Intent { act=android.intent.action.MAIN cat=[android.intent.category.LAUNCHER] flg=0x10000000 cmp=com.example.dogglers/androidx.test.core.app.InstrumentationActivityInvoker$EmptyActivity }, activity=androidx.test.core.app.InstrumentationActivityInvoker$EmptyActivity@2152693
06-25 22:20:24.623 26971 26971 D LifecycleMonitor: Lifecycle status change: androidx.test.core.app.InstrumentationActivityInvoker$EmptyActivity@2152693 in: CREATED
06-25 22:20:24.623 26971 26971 V ActivityScenario: Activity lifecycle changed event received but ignored because the intent does not match. startActivityIntent=Intent { act=android.intent.action.MAIN cat=[android.intent.category.LAUNCHER] cmp=com.example.dogglers/.VerticalListActivity }, activity.getIntent()=Intent { act=android.intent.action.MAIN cat=[android.intent.category.LAUNCHER] flg=0x10000000 cmp=com.example.dogglers/androidx.test.core.app.InstrumentationActivityInvoker$EmptyActivity }, activity=androidx.test.core.app.InstrumentationActivityInvoker$EmptyActivity@2152693
06-25 22:20:24.624 26971 26971 D LifecycleMonitor: Lifecycle status change: androidx.test.core.app.InstrumentationActivityInvoker$EmptyActivity@2152693 in: STARTED
06-25 22:20:24.624 26971 26971 V ActivityScenario: Activity lifecycle changed event received but ignored because the intent does not match. startActivityIntent=Intent { act=android.intent.action.MAIN cat=[android.intent.category.LAUNCHER] cmp=com.example.dogglers/.VerticalListActivity }, activity.getIntent()=Intent { act=android.intent.action.MAIN cat=[android.intent.category.LAUNCHER] flg=0x10000000 cmp=com.example.dogglers/androidx.test.core.app.InstrumentationActivityInvoker$EmptyActivity }, activity=androidx.test.core.app.InstrumentationActivityInvoker$EmptyActivity@2152693
06-25 22:20:24.625 26971 26971 D LifecycleMonitor: Lifecycle status change: androidx.test.core.app.InstrumentationActivityInvoker$EmptyActivity@2152693 in: RESUMED
06-25 22:20:24.625 26971 26971 V ActivityScenario: Activity lifecycle changed event received but ignored because the intent does not match. startActivityIntent=Intent { act=android.intent.action.MAIN cat=[android.intent.category.LAUNCHER] cmp=com.example.dogglers/.VerticalListActivity }, activity.getIntent()=Intent { act=android.intent.action.MAIN cat=[android.intent.category.LAUNCHER] flg=0x10000000 cmp=com.example.dogglers/androidx.test.core.app.InstrumentationActivityInvoker$EmptyActivity }, activity=androidx.test.core.app.InstrumentationActivityInvoker$EmptyActivity@2152693
06-25 22:20:24.625   551  2082 W InputManager-JNI: Input channel object '428380e Splash Screen com.example.dogglers (client)' was disposed without first being removed with the input manager!
06-25 22:20:24.644   358   358 D goldfish-address-space: claimShared: Ask to claim region [0x3f1974000 0x3f2318000]
06-25 22:20:24.646   358   358 D goldfish-address-space: claimShared: Ask to claim region [0x3f2318000 0x3f2cbc000]
06-25 22:20:24.647   358   358 D goldfish-address-space: claimShared: Ask to claim region [0x3f2cbc000 0x3f3660000]
06-25 22:20:24.651   551   596 I ActivityTaskManager: Displayed com.example.dogglers/androidx.test.core.app.InstrumentationActivityInvoker$EmptyActivity: +428ms
06-25 22:20:24.663   867   933 D EGL_emulation: app_time_stats: avg=10.76ms min=0.74ms max=131.58ms count=49
06-25 22:20:24.678 26971 26971 D LifecycleMonitor: Lifecycle status change: androidx.test.core.app.InstrumentationActivityInvoker$EmptyActivity@2152693 in: PAUSED
06-25 22:20:24.678 26971 26971 V ActivityScenario: Activity lifecycle changed event received but ignored because the intent does not match. startActivityIntent=Intent { act=android.intent.action.MAIN cat=[android.intent.category.LAUNCHER] cmp=com.example.dogglers/.VerticalListActivity }, activity.getIntent()=Intent { act=android.intent.action.MAIN cat=[android.intent.category.LAUNCHER] flg=0x10000000 cmp=com.example.dogglers/androidx.test.core.app.InstrumentationActivityInvoker$EmptyActivity }, activity=androidx.test.core.app.InstrumentationActivityInvoker$EmptyActivity@2152693
06-25 22:20:24.682 26971 26971 D LifecycleMonitor: Lifecycle status change: com.example.dogglers.VerticalListActivity@aeaeed3 in: STOPPED
06-25 22:20:24.683 26971 26971 V ActivityScenario: Update currentActivityStage to STOPPED, currentActivity=com.example.dogglers.VerticalListActivity@aeaeed3
06-25 22:20:24.684 26971 26971 D LifecycleMonitor: Lifecycle status change: com.example.dogglers.VerticalListActivity@aeaeed3 in: DESTROYED
06-25 22:20:24.684 26971 26971 V ActivityScenario: Update currentActivityStage to DESTROYED, currentActivity=null
06-25 22:20:24.686   551  2082 W InputManager-JNI: Input channel object 'bbb8970 com.example.dogglers/com.example.dogglers.VerticalListActivity (client)' was disposed without first being removed with the input manager!
06-25 22:20:24.689 26971 26971 D LifecycleMonitor: Lifecycle status change: androidx.test.core.app.InstrumentationActivityInvoker$BootstrapActivity@b2800d1 in: STOPPED
06-25 22:20:24.690 26971 26971 V ActivityScenario: Activity lifecycle changed event received but ignored because the intent does not match. startActivityIntent=Intent { act=android.intent.action.MAIN cat=[android.intent.category.LAUNCHER] cmp=com.example.dogglers/.VerticalListActivity }, activity.getIntent()=Intent { act=android.intent.action.MAIN cat=[android.intent.category.LAUNCHER] flg=0x10008000 cmp=com.example.dogglers/androidx.test.core.app.InstrumentationActivityInvoker$BootstrapActivity (has extras) }, activity=androidx.test.core.app.InstrumentationActivityInvoker$BootstrapActivity@b2800d1
06-25 22:20:24.691 26971 26971 D LifecycleMonitor: Lifecycle status change: androidx.test.core.app.InstrumentationActivityInvoker$BootstrapActivity@b2800d1 in: DESTROYED
06-25 22:20:24.691 26971 26971 V ActivityScenario: Activity lifecycle changed event received but ignored because the intent does not match. startActivityIntent=Intent { act=android.intent.action.MAIN cat=[android.intent.category.LAUNCHER] cmp=com.example.dogglers/.VerticalListActivity }, activity.getIntent()=Intent { act=android.intent.action.MAIN cat=[android.intent.category.LAUNCHER] flg=0x10008000 cmp=com.example.dogglers/androidx.test.core.app.InstrumentationActivityInvoker$BootstrapActivity (has extras) }, activity=androidx.test.core.app.InstrumentationActivityInvoker$BootstrapActivity@b2800d1
06-25 22:20:24.696 26971 26971 D LifecycleMonitor: Lifecycle status change: androidx.test.core.app.InstrumentationActivityInvoker$EmptyActivity@a5dca6 in: PRE_ON_CREATE
06-25 22:20:24.696 26971 26971 V ActivityScenario: Activity lifecycle changed event received but ignored because the intent does not match. startActivityIntent=Intent { act=android.intent.action.MAIN cat=[android.intent.category.LAUNCHER] cmp=com.example.dogglers/.VerticalListActivity }, activity.getIntent()=Intent { act=android.intent.action.MAIN cat=[android.intent.category.LAUNCHER] flg=0x10000000 cmp=com.example.dogglers/androidx.test.core.app.InstrumentationActivityInvoker$EmptyActivity }, activity=androidx.test.core.app.InstrumentationActivityInvoker$EmptyActivity@a5dca6
06-25 22:20:24.700 26971 26971 D LifecycleMonitor: Lifecycle status change: androidx.test.core.app.InstrumentationActivityInvoker$EmptyActivity@a5dca6 in: CREATED
06-25 22:20:24.700 26971 26971 V ActivityScenario: Activity lifecycle changed event received but ignored because the intent does not match. startActivityIntent=Intent { act=android.intent.action.MAIN cat=[android.intent.category.LAUNCHER] cmp=com.example.dogglers/.VerticalListActivity }, activity.getIntent()=Intent { act=android.intent.action.MAIN cat=[android.intent.category.LAUNCHER] flg=0x10000000 cmp=com.example.dogglers/androidx.test.core.app.InstrumentationActivityInvoker$EmptyActivity }, activity=androidx.test.core.app.InstrumentationActivityInvoker$EmptyActivity@a5dca6
06-25 22:20:24.701 26971 26971 D LifecycleMonitor: Lifecycle status change: androidx.test.core.app.InstrumentationActivityInvoker$EmptyActivity@a5dca6 in: STARTED
06-25 22:20:24.701 26971 26971 V ActivityScenario: Activity lifecycle changed event received but ignored because the intent does not match. startActivityIntent=Intent { act=android.intent.action.MAIN cat=[android.intent.category.LAUNCHER] cmp=com.example.dogglers/.VerticalListActivity }, activity.getIntent()=Intent { act=android.intent.action.MAIN cat=[android.intent.category.LAUNCHER] flg=0x10000000 cmp=com.example.dogglers/androidx.test.core.app.InstrumentationActivityInvoker$EmptyActivity }, activity=androidx.test.core.app.InstrumentationActivityInvoker$EmptyActivity@a5dca6
06-25 22:20:24.702 26971 26971 D LifecycleMonitor: Lifecycle status change: androidx.test.core.app.InstrumentationActivityInvoker$EmptyActivity@a5dca6 in: RESUMED
06-25 22:20:24.702 26971 26971 V ActivityScenario: Activity lifecycle changed event received but ignored because the intent does not match. startActivityIntent=Intent { act=android.intent.action.MAIN cat=[android.intent.category.LAUNCHER] cmp=com.example.dogglers/.VerticalListActivity }, activity.getIntent()=Intent { act=android.intent.action.MAIN cat=[android.intent.category.LAUNCHER] flg=0x10000000 cmp=com.example.dogglers/androidx.test.core.app.InstrumentationActivityInvoker$EmptyActivity }, activity=androidx.test.core.app.InstrumentationActivityInvoker$EmptyActivity@a5dca6
06-25 22:20:24.715   358   358 D goldfish-address-space: claimShared: Ask to claim region [0x3ed284000 0x3edc28000]
06-25 22:20:24.719   358   358 D goldfish-address-space: claimShared: Ask to claim region [0x3edc28000 0x3ee5cc000]
06-25 22:20:24.720   358   358 D goldfish-address-space: claimShared: Ask to claim region [0x3ec000000 0x3ec9a4000]
06-25 22:20:24.736   551   596 I ActivityTaskManager: Displayed com.example.dogglers/androidx.test.core.app.InstrumentationActivityInvoker$EmptyActivity: +81ms
06-25 22:20:24.746 26971 26971 D LifecycleMonitor: Lifecycle status change: androidx.test.core.app.InstrumentationActivityInvoker$EmptyActivity@2152693 in: STOPPED
06-25 22:20:24.747 26971 26971 V ActivityScenario: Activity lifecycle changed event received but ignored because the intent does not match. startActivityIntent=Intent { act=android.intent.action.MAIN cat=[android.intent.category.LAUNCHER] cmp=com.example.dogglers/.VerticalListActivity }, activity.getIntent()=Intent { act=android.intent.action.MAIN cat=[android.intent.category.LAUNCHER] flg=0x10000000 cmp=com.example.dogglers/androidx.test.core.app.InstrumentationActivityInvoker$EmptyActivity }, activity=androidx.test.core.app.InstrumentationActivityInvoker$EmptyActivity@2152693
06-25 22:20:24.750   358   358 D goldfish-address-space: claimShared: Ask to claim region [0x3f2318000 0x3f2944000]
06-25 22:20:24.771 26971 26971 D LifecycleMonitor: Lifecycle status change: androidx.test.core.app.InstrumentationActivityInvoker$EmptyActivity@2152693 in: DESTROYED
06-25 22:20:24.772 26971 26971 V ActivityScenario: Activity lifecycle changed event received but ignored because the intent does not match. startActivityIntent=Intent { act=android.intent.action.MAIN cat=[android.intent.category.LAUNCHER] cmp=com.example.dogglers/.VerticalListActivity }, activity.getIntent()=Intent { act=android.intent.action.MAIN cat=[android.intent.category.LAUNCHER] flg=0x10000000 cmp=com.example.dogglers/androidx.test.core.app.InstrumentationActivityInvoker$EmptyActivity }, activity=androidx.test.core.app.InstrumentationActivityInvoker$EmptyActivity@2152693
06-25 22:20:24.777   551  1987 W InputManager-JNI: Input channel object '40a0082 com.example.dogglers/androidx.test.core.app.InstrumentationActivityInvoker$EmptyActivity (client)' was disposed without first being removed with the input manager!
06-25 22:20:24.780 26971 26971 D LifecycleMonitor: Lifecycle status change: androidx.test.core.app.InstrumentationActivityInvoker$EmptyActivity@a5dca6 in: PAUSED
06-25 22:20:24.781 26971 26971 V ActivityScenario: Activity lifecycle changed event received but ignored because the intent does not match. startActivityIntent=Intent { act=android.intent.action.MAIN cat=[android.intent.category.LAUNCHER] cmp=com.example.dogglers/.VerticalListActivity }, activity.getIntent()=Intent { act=android.intent.action.MAIN cat=[android.intent.category.LAUNCHER] flg=0x10000000 cmp=com.example.dogglers/androidx.test.core.app.InstrumentationActivityInvoker$EmptyActivity }, activity=androidx.test.core.app.InstrumentationActivityInvoker$EmptyActivity@a5dca6
06-25 22:20:24.785 26971 26992 I TestRunner: finished: vertical_scroll_content_at_first_position(com.example.dogglers.VerticalListTests)
