07-15 16:28:18.592  5493  5515 I TestRunner: started: grid_list_content_at_first_position(com.example.dogglers.GridListTests)
07-15 16:28:18.595  5493  5515 W Settings: Setting always_finish_activities has moved from android.provider.Settings.System to android.provider.Settings.Global, returning read-only value.
07-15 16:28:18.608   754  1017 D SplashScreenView: Build android.window.SplashScreenView{bd3c780 V.E...... ......ID 0,0-0,0}
07-15 16:28:18.608   754  1017 D SplashScreenView: Icon: view: null drawable: null size: 0
07-15 16:28:18.608   754  1017 D SplashScreenView: Branding: view: android.view.View{cf521b9 G.ED..... ......I. 0,0-0,0 #10204a6 android:id/splashscreen_branding_view} drawable: null size w: 0 h: 0
07-15 16:28:18.612  5493  5493 D LifecycleMonitor: Lifecycle status change: androidx.test.core.app.InstrumentationActivityInvoker$BootstrapActivity@f904310 in: PRE_ON_CREATE
07-15 16:28:18.612  5493  5493 V ActivityScenario: Activity lifecycle changed event received but ignored because the intent does not match. startActivityIntent=Intent { act=android.intent.action.MAIN cat=[android.intent.category.LAUNCHER] cmp=com.example.dogglers/.GridListActivity }, activity.getIntent()=Intent { act=android.intent.action.MAIN cat=[android.intent.category.LAUNCHER] flg=0x10008000 cmp=com.example.dogglers/androidx.test.core.app.InstrumentationActivityInvoker$BootstrapActivity (has extras) }, activity=androidx.test.core.app.InstrumentationActivityInvoker$BootstrapActivity@f904310
07-15 16:28:18.616  5493  5493 D LifecycleMonitor: Lifecycle status change: androidx.test.core.app.InstrumentationActivityInvoker$BootstrapActivity@f904310 in: CREATED
07-15 16:28:18.616  5493  5493 V ActivityScenario: Activity lifecycle changed event received but ignored because the intent does not match. startActivityIntent=Intent { act=android.intent.action.MAIN cat=[android.intent.category.LAUNCHER] cmp=com.example.dogglers/.GridListActivity }, activity.getIntent()=Intent { act=android.intent.action.MAIN cat=[android.intent.category.LAUNCHER] flg=0x10008000 cmp=com.example.dogglers/androidx.test.core.app.InstrumentationActivityInvoker$BootstrapActivity (has extras) }, activity=androidx.test.core.app.InstrumentationActivityInvoker$BootstrapActivity@f904310
07-15 16:28:18.617  5493  5493 D LifecycleMonitor: Lifecycle status change: androidx.test.core.app.InstrumentationActivityInvoker$BootstrapActivity@f904310 in: STARTED
07-15 16:28:18.618  5493  5493 V ActivityScenario: Activity lifecycle changed event received but ignored because the intent does not match. startActivityIntent=Intent { act=android.intent.action.MAIN cat=[android.intent.category.LAUNCHER] cmp=com.example.dogglers/.GridListActivity }, activity.getIntent()=Intent { act=android.intent.action.MAIN cat=[android.intent.category.LAUNCHER] flg=0x10008000 cmp=com.example.dogglers/androidx.test.core.app.InstrumentationActivityInvoker$BootstrapActivity (has extras) }, activity=androidx.test.core.app.InstrumentationActivityInvoker$BootstrapActivity@f904310
07-15 16:28:18.621   349   401 D goldfish-address-space: claimShared: Ask to claim region [0x3ec000000 0x3ec9a4000]
07-15 16:28:18.623  5493  5493 D LifecycleMonitor: Lifecycle status change: androidx.test.core.app.InstrumentationActivityInvoker$BootstrapActivity@f904310 in: RESUMED
07-15 16:28:18.624  5493  5493 V ActivityScenario: Activity lifecycle changed event received but ignored because the intent does not match. startActivityIntent=Intent { act=android.intent.action.MAIN cat=[android.intent.category.LAUNCHER] cmp=com.example.dogglers/.GridListActivity }, activity.getIntent()=Intent { act=android.intent.action.MAIN cat=[android.intent.category.LAUNCHER] flg=0x10008000 cmp=com.example.dogglers/androidx.test.core.app.InstrumentationActivityInvoker$BootstrapActivity (has extras) }, activity=androidx.test.core.app.InstrumentationActivityInvoker$BootstrapActivity@f904310
07-15 16:28:18.625  5493  5493 D LifecycleMonitor: Lifecycle status change: androidx.test.core.app.InstrumentationActivityInvoker$BootstrapActivity@f904310 in: PAUSED
07-15 16:28:18.626  5493  5493 V ActivityScenario: Activity lifecycle changed event received but ignored because the intent does not match. startActivityIntent=Intent { act=android.intent.action.MAIN cat=[android.intent.category.LAUNCHER] cmp=com.example.dogglers/.GridListActivity }, activity.getIntent()=Intent { act=android.intent.action.MAIN cat=[android.intent.category.LAUNCHER] flg=0x10008000 cmp=com.example.dogglers/androidx.test.core.app.InstrumentationActivityInvoker$BootstrapActivity (has extras) }, activity=androidx.test.core.app.InstrumentationActivityInvoker$BootstrapActivity@f904310
07-15 16:28:18.626   349   401 D goldfish-address-space: claimShared: Ask to claim region [0x3ec9a4000 0x3ed348000]
07-15 16:28:18.629   349   401 D goldfish-address-space: claimShared: Ask to claim region [0x3f1974000 0x3f2318000]
07-15 16:28:18.638  5493  5493 D LifecycleMonitor: Lifecycle status change: com.example.dogglers.GridListActivity@dfac71a in: PRE_ON_CREATE
07-15 16:28:18.639  5493  5493 V ActivityScenario: Activity lifecycle changed event received but ignored because the reported transition was not ON_CREATE while the last known transition was PRE_ON_CREATE
07-15 16:28:18.648  5493  5493 D LifecycleMonitor: Lifecycle status change: com.example.dogglers.GridListActivity@dfac71a in: CREATED
07-15 16:28:18.648  5493  5493 V ActivityScenario: Update currentActivityStage to CREATED, currentActivity=com.example.dogglers.GridListActivity@dfac71a
07-15 16:28:18.650  5493  5493 D LifecycleMonitor: Lifecycle status change: com.example.dogglers.GridListActivity@dfac71a in: STARTED
07-15 16:28:18.650  5493  5493 V ActivityScenario: Update currentActivityStage to STARTED, currentActivity=com.example.dogglers.GridListActivity@dfac71a
07-15 16:28:18.651  5493  5493 D LifecycleMonitor: Lifecycle status change: com.example.dogglers.GridListActivity@dfac71a in: RESUMED
07-15 16:28:18.652  5493  5493 V ActivityScenario: Update currentActivityStage to RESUMED, currentActivity=com.example.dogglers.GridListActivity@dfac71a
07-15 16:28:18.657  5493  5493 D LifecycleMonitor: Lifecycle status change: androidx.test.core.app.InstrumentationActivityInvoker$BootstrapActivity@f904310 in: STOPPED
07-15 16:28:18.657  5493  5493 V ActivityScenario: Activity lifecycle changed event received but ignored because the intent does not match. startActivityIntent=Intent { act=android.intent.action.MAIN cat=[android.intent.category.LAUNCHER] cmp=com.example.dogglers/.GridListActivity }, activity.getIntent()=Intent { act=android.intent.action.MAIN cat=[android.intent.category.LAUNCHER] flg=0x10008000 cmp=com.example.dogglers/androidx.test.core.app.InstrumentationActivityInvoker$BootstrapActivity (has extras) }, activity=androidx.test.core.app.InstrumentationActivityInvoker$BootstrapActivity@f904310
07-15 16:28:18.676   349   401 D goldfish-address-space: claimShared: Ask to claim region [0x3f2318000 0x3f2cbc000]
07-15 16:28:18.684   349   401 D goldfish-address-space: claimShared: Ask to claim region [0x3f2cbc000 0x3f3660000]
07-15 16:28:18.687   349   401 D goldfish-address-space: claimShared: Ask to claim region [0x3f5b74000 0x3f6518000]
07-15 16:28:18.703   754  1021 D EGL_emulation: app_time_stats: avg=42.95ms min=1.48ms max=365.58ms count=21
07-15 16:28:18.705   754  1021 D EGL_emulation: app_time_stats: avg=33.75ms min=0.86ms max=365.82ms count=28
07-15 16:28:18.710  1382  1382 I GsaVoiceInteractionSrv: Handling ACTION_STOP_HOTWORD
07-15 16:28:18.711  1382  1382 E HwDetectorWithState: a: 3
07-15 16:28:18.743   579   608 I ActivityTaskManager: Displayed com.example.dogglers/.GridListActivity: +139ms
07-15 16:28:18.746  5493  5493 D RootViewPicker: Root not ready - waiting: 10ms for one to appear.
07-15 16:28:18.753  1303  1303 I GoogleInputMethodService: GoogleInputMethodService.onFinishInput():3420
07-15 16:28:18.754  1303  1303 I GoogleInputMethodService: GoogleInputMethodService.onStartInput():2002
07-15 16:28:18.754  1303  1303 I DeviceUnlockedTag: DeviceUnlockedTag.notifyDeviceLockStatusChanged():31 Notify device unlocked.
07-15 16:28:18.789  5493  5493 I ViewInteraction: Checking 'MatchesViewAssertion{viewMatcher=(view has effective visibility <VISIBLE> and view.getGlobalVisibleRect() to return non-empty rectangle)}' assertion on view an instance of android.widget.TextView and view.getText() with or without transformation to match: is "Tzeitel"
07-15 16:28:18.791  5493  5493 I ViewInteraction: Checking 'MatchesViewAssertion{viewMatcher=(view has effective visibility <VISIBLE> and view.getGlobalVisibleRect() to return non-empty rectangle)}' assertion on view an instance of android.widget.TextView and view.getText() with or without transformation to match: is "Age: 7"
07-15 16:28:18.793  5493  5493 I ViewInteraction: Checking 'MatchesViewAssertion{viewMatcher=(view has effective visibility <VISIBLE> and view.getGlobalVisibleRect() to return non-empty rectangle)}' assertion on view an instance of android.widget.TextView and view.getText() with or without transformation to match: is "Hobbies: sunbathing"
07-15 16:28:18.957  1613  1613 I A       : onApplyWindowInsets: systemWindowInsets=Insets{left=0, top=145, right=0, bottom=132}
07-15 16:28:18.957  1613  1613 I A       : onApplyWindowInsets: Adjusting for display cutouts. Safe insets: left=0, top=136, right=0, bottom=0
07-15 16:28:18.957  1613  1613 I A       : onApplyWindowInsets: systemWindowInsets=Insets{left=0, top=145, right=0, bottom=132}
07-15 16:28:18.996  5493  5493 I ViewInteraction: Checking 'MatchesViewAssertion{viewMatcher=(view has effective visibility <VISIBLE> and view.getGlobalVisibleRect() to return non-empty rectangle)}' assertion on view has drawable resource 2131165345
07-15 16:28:19.009  5493  5493 D LifecycleMonitor: Lifecycle status change: com.example.dogglers.GridListActivity@dfac71a in: PAUSED
07-15 16:28:19.009  5493  5493 V ActivityScenario: Update currentActivityStage to PAUSED, currentActivity=com.example.dogglers.GridListActivity@dfac71a
07-15 16:28:19.014  5493  5493 D LifecycleMonitor: Lifecycle status change: androidx.test.core.app.InstrumentationActivityInvoker$EmptyActivity@511f783 in: PRE_ON_CREATE
07-15 16:28:19.014  5493  5493 V ActivityScenario: Activity lifecycle changed event received but ignored because the intent does not match. startActivityIntent=Intent { act=android.intent.action.MAIN cat=[android.intent.category.LAUNCHER] cmp=com.example.dogglers/.GridListActivity }, activity.getIntent()=Intent { act=android.intent.action.MAIN cat=[android.intent.category.LAUNCHER] flg=0x10000000 cmp=com.example.dogglers/androidx.test.core.app.InstrumentationActivityInvoker$EmptyActivity }, activity=androidx.test.core.app.InstrumentationActivityInvoker$EmptyActivity@511f783
07-15 16:28:19.018  5493  5493 D LifecycleMonitor: Lifecycle status change: androidx.test.core.app.InstrumentationActivityInvoker$EmptyActivity@511f783 in: CREATED
07-15 16:28:19.018  5493  5493 V ActivityScenario: Activity lifecycle changed event received but ignored because the intent does not match. startActivityIntent=Intent { act=android.intent.action.MAIN cat=[android.intent.category.LAUNCHER] cmp=com.example.dogglers/.GridListActivity }, activity.getIntent()=Intent { act=android.intent.action.MAIN cat=[android.intent.category.LAUNCHER] flg=0x10000000 cmp=com.example.dogglers/androidx.test.core.app.InstrumentationActivityInvoker$EmptyActivity }, activity=androidx.test.core.app.InstrumentationActivityInvoker$EmptyActivity@511f783
07-15 16:28:19.019  5493  5493 D LifecycleMonitor: Lifecycle status change: androidx.test.core.app.InstrumentationActivityInvoker$EmptyActivity@511f783 in: STARTED
07-15 16:28:19.019  5493  5493 V ActivityScenario: Activity lifecycle changed event received but ignored because the intent does not match. startActivityIntent=Intent { act=android.intent.action.MAIN cat=[android.intent.category.LAUNCHER] cmp=com.example.dogglers/.GridListActivity }, activity.getIntent()=Intent { act=android.intent.action.MAIN cat=[android.intent.category.LAUNCHER] flg=0x10000000 cmp=com.example.dogglers/androidx.test.core.app.InstrumentationActivityInvoker$EmptyActivity }, activity=androidx.test.core.app.InstrumentationActivityInvoker$EmptyActivity@511f783
07-15 16:28:19.020  5493  5493 D LifecycleMonitor: Lifecycle status change: androidx.test.core.app.InstrumentationActivityInvoker$EmptyActivity@511f783 in: RESUMED
07-15 16:28:19.020  5493  5493 V ActivityScenario: Activity lifecycle changed event received but ignored because the intent does not match. startActivityIntent=Intent { act=android.intent.action.MAIN cat=[android.intent.category.LAUNCHER] cmp=com.example.dogglers/.GridListActivity }, activity.getIntent()=Intent { act=android.intent.action.MAIN cat=[android.intent.category.LAUNCHER] flg=0x10000000 cmp=com.example.dogglers/androidx.test.core.app.InstrumentationActivityInvoker$EmptyActivity }, activity=androidx.test.core.app.InstrumentationActivityInvoker$EmptyActivity@511f783
07-15 16:28:19.024   579   948 W InputManager-JNI: Input channel object 'f81f061 Splash Screen com.example.dogglers (client)' was disposed without first being removed with the input manager!
07-15 16:28:19.042   349   401 D goldfish-address-space: claimShared: Ask to claim region [0x3ed974000 0x3ee318000]
07-15 16:28:19.045   349   401 D goldfish-address-space: claimShared: Ask to claim region [0x3ee318000 0x3eecbc000]
07-15 16:28:19.046   349   401 D goldfish-address-space: claimShared: Ask to claim region [0x3eecbc000 0x3ef660000]
07-15 16:28:19.071  5493  5493 D LifecycleMonitor: Lifecycle status change: androidx.test.core.app.InstrumentationActivityInvoker$EmptyActivity@511f783 in: PAUSED
07-15 16:28:19.071  5493  5493 V ActivityScenario: Activity lifecycle changed event received but ignored because the intent does not match. startActivityIntent=Intent { act=android.intent.action.MAIN cat=[android.intent.category.LAUNCHER] cmp=com.example.dogglers/.GridListActivity }, activity.getIntent()=Intent { act=android.intent.action.MAIN cat=[android.intent.category.LAUNCHER] flg=0x10000000 cmp=com.example.dogglers/androidx.test.core.app.InstrumentationActivityInvoker$EmptyActivity }, activity=androidx.test.core.app.InstrumentationActivityInvoker$EmptyActivity@511f783
07-15 16:28:19.088  5493  5493 D LifecycleMonitor: Lifecycle status change: androidx.test.core.app.InstrumentationActivityInvoker$BootstrapActivity@f904310 in: DESTROYED
07-15 16:28:19.088  5493  5493 V ActivityScenario: Activity lifecycle changed event received but ignored because the intent does not match. startActivityIntent=Intent { act=android.intent.action.MAIN cat=[android.intent.category.LAUNCHER] cmp=com.example.dogglers/.GridListActivity }, activity.getIntent()=Intent { act=android.intent.action.MAIN cat=[android.intent.category.LAUNCHER] flg=0x10008000 cmp=com.example.dogglers/androidx.test.core.app.InstrumentationActivityInvoker$BootstrapActivity (has extras) }, activity=androidx.test.core.app.InstrumentationActivityInvoker$BootstrapActivity@f904310
07-15 16:28:19.092  5493  5493 D LifecycleMonitor: Lifecycle status change: androidx.test.core.app.InstrumentationActivityInvoker$EmptyActivity@a65b18a in: PRE_ON_CREATE
07-15 16:28:19.092  5493  5493 V ActivityScenario: Activity lifecycle changed event received but ignored because the intent does not match. startActivityIntent=Intent { act=android.intent.action.MAIN cat=[android.intent.category.LAUNCHER] cmp=com.example.dogglers/.GridListActivity }, activity.getIntent()=Intent { act=android.intent.action.MAIN cat=[android.intent.category.LAUNCHER] flg=0x10000000 cmp=com.example.dogglers/androidx.test.core.app.InstrumentationActivityInvoker$EmptyActivity }, activity=androidx.test.core.app.InstrumentationActivityInvoker$EmptyActivity@a65b18a
07-15 16:28:19.095  5493  5493 D LifecycleMonitor: Lifecycle status change: androidx.test.core.app.InstrumentationActivityInvoker$EmptyActivity@a65b18a in: CREATED
07-15 16:28:19.095  5493  5493 V ActivityScenario: Activity lifecycle changed event received but ignored because the intent does not match. startActivityIntent=Intent { act=android.intent.action.MAIN cat=[android.intent.category.LAUNCHER] cmp=com.example.dogglers/.GridListActivity }, activity.getIntent()=Intent { act=android.intent.action.MAIN cat=[android.intent.category.LAUNCHER] flg=0x10000000 cmp=com.example.dogglers/androidx.test.core.app.InstrumentationActivityInvoker$EmptyActivity }, activity=androidx.test.core.app.InstrumentationActivityInvoker$EmptyActivity@a65b18a
07-15 16:28:19.096  5493  5493 D LifecycleMonitor: Lifecycle status change: androidx.test.core.app.InstrumentationActivityInvoker$EmptyActivity@a65b18a in: STARTED
07-15 16:28:19.096  5493  5493 V ActivityScenario: Activity lifecycle changed event received but ignored because the intent does not match. startActivityIntent=Intent { act=android.intent.action.MAIN cat=[android.intent.category.LAUNCHER] cmp=com.example.dogglers/.GridListActivity }, activity.getIntent()=Intent { act=android.intent.action.MAIN cat=[android.intent.category.LAUNCHER] flg=0x10000000 cmp=com.example.dogglers/androidx.test.core.app.InstrumentationActivityInvoker$EmptyActivity }, activity=androidx.test.core.app.InstrumentationActivityInvoker$EmptyActivity@a65b18a
07-15 16:28:19.097  5493  5493 D LifecycleMonitor: Lifecycle status change: androidx.test.core.app.InstrumentationActivityInvoker$EmptyActivity@a65b18a in: RESUMED
07-15 16:28:19.097  5493  5493 V ActivityScenario: Activity lifecycle changed event received but ignored because the intent does not match. startActivityIntent=Intent { act=android.intent.action.MAIN cat=[android.intent.category.LAUNCHER] cmp=com.example.dogglers/.GridListActivity }, activity.getIntent()=Intent { act=android.intent.action.MAIN cat=[android.intent.category.LAUNCHER] flg=0x10000000 cmp=com.example.dogglers/androidx.test.core.app.InstrumentationActivityInvoker$EmptyActivity }, activity=androidx.test.core.app.InstrumentationActivityInvoker$EmptyActivity@a65b18a
07-15 16:28:19.102  5493  5493 D LifecycleMonitor: Lifecycle status change: androidx.test.core.app.InstrumentationActivityInvoker$EmptyActivity@511f783 in: STOPPED
07-15 16:28:19.102  5493  5493 V ActivityScenario: Activity lifecycle changed event received but ignored because the intent does not match. startActivityIntent=Intent { act=android.intent.action.MAIN cat=[android.intent.category.LAUNCHER] cmp=com.example.dogglers/.GridListActivity }, activity.getIntent()=Intent { act=android.intent.action.MAIN cat=[android.intent.category.LAUNCHER] flg=0x10000000 cmp=com.example.dogglers/androidx.test.core.app.InstrumentationActivityInvoker$EmptyActivity }, activity=androidx.test.core.app.InstrumentationActivityInvoker$EmptyActivity@511f783
07-15 16:28:19.109   349   401 D goldfish-address-space: claimShared: Ask to claim region [0x3f062c000 0x3f0fd0000]
07-15 16:28:19.111   349   401 D goldfish-address-space: claimShared: Ask to claim region [0x3f0fd0000 0x3f1974000]
07-15 16:28:19.111   349   401 D goldfish-address-space: claimShared: Ask to claim region [0x3f6518000 0x3f6ebc000]
07-15 16:28:19.124   579   608 I ActivityTaskManager: Displayed com.example.dogglers/androidx.test.core.app.InstrumentationActivityInvoker$EmptyActivity: +118ms
07-15 16:28:19.136  5493  5493 D LifecycleMonitor: Lifecycle status change: com.example.dogglers.GridListActivity@dfac71a in: STOPPED
07-15 16:28:19.136  5493  5493 V ActivityScenario: Update currentActivityStage to STOPPED, currentActivity=com.example.dogglers.GridListActivity@dfac71a
07-15 16:28:19.138  5493  5493 D LifecycleMonitor: Lifecycle status change: com.example.dogglers.GridListActivity@dfac71a in: DESTROYED
07-15 16:28:19.139  5493  5493 V ActivityScenario: Update currentActivityStage to DESTROYED, currentActivity=null
07-15 16:28:19.141   579   948 W InputManager-JNI: Input channel object '31737c2 com.example.dogglers/com.example.dogglers.GridListActivity (client)' was disposed without first being removed with the input manager!
07-15 16:28:19.148   349   401 D goldfish-address-space: claimShared: Ask to claim region [0x3ed974000 0x3edfa0000]
07-15 16:28:19.160  5493  5493 D LifecycleMonitor: Lifecycle status change: androidx.test.core.app.InstrumentationActivityInvoker$EmptyActivity@511f783 in: DESTROYED
07-15 16:28:19.160  5493  5493 V ActivityScenario: Activity lifecycle changed event received but ignored because the intent does not match. startActivityIntent=Intent { act=android.intent.action.MAIN cat=[android.intent.category.LAUNCHER] cmp=com.example.dogglers/.GridListActivity }, activity.getIntent()=Intent { act=android.intent.action.MAIN cat=[android.intent.category.LAUNCHER] flg=0x10000000 cmp=com.example.dogglers/androidx.test.core.app.InstrumentationActivityInvoker$EmptyActivity }, activity=androidx.test.core.app.InstrumentationActivityInvoker$EmptyActivity@511f783
07-15 16:28:19.161   579  1442 W InputManager-JNI: Input channel object 'c643c88 com.example.dogglers/androidx.test.core.app.InstrumentationActivityInvoker$EmptyActivity (client)' was disposed without first being removed with the input manager!
07-15 16:28:19.163  5493  5493 D LifecycleMonitor: Lifecycle status change: androidx.test.core.app.InstrumentationActivityInvoker$EmptyActivity@a65b18a in: PAUSED
07-15 16:28:19.164  5493  5493 V ActivityScenario: Activity lifecycle changed event received but ignored because the intent does not match. startActivityIntent=Intent { act=android.intent.action.MAIN cat=[android.intent.category.LAUNCHER] cmp=com.example.dogglers/.GridListActivity }, activity.getIntent()=Intent { act=android.intent.action.MAIN cat=[android.intent.category.LAUNCHER] flg=0x10000000 cmp=com.example.dogglers/androidx.test.core.app.InstrumentationActivityInvoker$EmptyActivity }, activity=androidx.test.core.app.InstrumentationActivityInvoker$EmptyActivity@a65b18a
07-15 16:28:19.174  5493  5515 I TestRunner: finished: grid_list_content_at_first_position(com.example.dogglers.GridListTests)
