06-25 22:20:23.092 26971 26992 I TestRunner: started: vertical_scrolling(com.example.dogglers.VerticalListTests)
06-25 22:20:23.095 26971 26992 W Settings: Setting always_finish_activities has moved from android.provider.Settings.System to android.provider.Settings.Global, returning read-only value.
06-25 22:20:23.103   867   931 D SplashScreenView: Build android.window.SplashScreenView{92ce509 V.E...... ......ID 0,0-0,0}
06-25 22:20:23.103   867   931 D SplashScreenView: Icon: view: null drawable: null size: 0
06-25 22:20:23.103   867   931 D SplashScreenView: Branding: view: android.view.View{3dc730e G.ED..... ......I. 0,0-0,0 #10204a6 android:id/splashscreen_branding_view} drawable: null size w: 0 h: 0
06-25 22:20:23.113 26971 26971 D LifecycleMonitor: Lifecycle status change: androidx.test.core.app.InstrumentationActivityInvoker$BootstrapActivity@b0d85bc in: PRE_ON_CREATE
06-25 22:20:23.113 26971 26971 V ActivityScenario: Activity lifecycle changed event received but ignored because the intent does not match. startActivityIntent=Intent { act=android.intent.action.MAIN cat=[android.intent.category.LAUNCHER] cmp=com.example.dogglers/.VerticalListActivity }, activity.getIntent()=Intent { act=android.intent.action.MAIN cat=[android.intent.category.LAUNCHER] flg=0x10008000 cmp=com.example.dogglers/androidx.test.core.app.InstrumentationActivityInvoker$BootstrapActivity (has extras) }, activity=androidx.test.core.app.InstrumentationActivityInvoker$BootstrapActivity@b0d85bc
06-25 22:20:23.117   358   358 D goldfish-address-space: claimShared: Ask to claim region [0x3ed284000 0x3edc28000]
06-25 22:20:23.118 26971 26971 D LifecycleMonitor: Lifecycle status change: androidx.test.core.app.InstrumentationActivityInvoker$BootstrapActivity@b0d85bc in: CREATED
06-25 22:20:23.118 26971 26971 V ActivityScenario: Activity lifecycle changed event received but ignored because the intent does not match. startActivityIntent=Intent { act=android.intent.action.MAIN cat=[android.intent.category.LAUNCHER] cmp=com.example.dogglers/.VerticalListActivity }, activity.getIntent()=Intent { act=android.intent.action.MAIN cat=[android.intent.category.LAUNCHER] flg=0x10008000 cmp=com.example.dogglers/androidx.test.core.app.InstrumentationActivityInvoker$BootstrapActivity (has extras) }, activity=androidx.test.core.app.InstrumentationActivityInvoker$BootstrapActivity@b0d85bc
06-25 22:20:23.120 26971 26971 D LifecycleMonitor: Lifecycle status change: androidx.test.core.app.InstrumentationActivityInvoker$BootstrapActivity@b0d85bc in: STARTED
06-25 22:20:23.120 26971 26971 V ActivityScenario: Activity lifecycle changed event received but ignored because the intent does not match. startActivityIntent=Intent { act=android.intent.action.MAIN cat=[android.intent.category.LAUNCHER] cmp=com.example.dogglers/.VerticalListActivity }, activity.getIntent()=Intent { act=android.intent.action.MAIN cat=[android.intent.category.LAUNCHER] flg=0x10008000 cmp=com.example.dogglers/androidx.test.core.app.InstrumentationActivityInvoker$BootstrapActivity (has extras) }, activity=androidx.test.core.app.InstrumentationActivityInvoker$BootstrapActivity@b0d85bc
06-25 22:20:23.123   358   358 D goldfish-address-space: claimShared: Ask to claim region [0x3edc28000 0x3ee5cc000]
06-25 22:20:23.129   358   422 D goldfish-address-space: claimShared: Ask to claim region [0x3f1974000 0x3f2318000]
06-25 22:20:23.132 26971 26971 D LifecycleMonitor: Lifecycle status change: androidx.test.core.app.InstrumentationActivityInvoker$BootstrapActivity@b0d85bc in: RESUMED
06-25 22:20:23.132 26971 26971 V ActivityScenario: Activity lifecycle changed event received but ignored because the intent does not match. startActivityIntent=Intent { act=android.intent.action.MAIN cat=[android.intent.category.LAUNCHER] cmp=com.example.dogglers/.VerticalListActivity }, activity.getIntent()=Intent { act=android.intent.action.MAIN cat=[android.intent.category.LAUNCHER] flg=0x10008000 cmp=com.example.dogglers/androidx.test.core.app.InstrumentationActivityInvoker$BootstrapActivity (has extras) }, activity=androidx.test.core.app.InstrumentationActivityInvoker$BootstrapActivity@b0d85bc
06-25 22:20:23.134 26971 26971 D LifecycleMonitor: Lifecycle status change: androidx.test.core.app.InstrumentationActivityInvoker$BootstrapActivity@b0d85bc in: PAUSED
06-25 22:20:23.135 26971 26971 V ActivityScenario: Activity lifecycle changed event received but ignored because the intent does not match. startActivityIntent=Intent { act=android.intent.action.MAIN cat=[android.intent.category.LAUNCHER] cmp=com.example.dogglers/.VerticalListActivity }, activity.getIntent()=Intent { act=android.intent.action.MAIN cat=[android.intent.category.LAUNCHER] flg=0x10008000 cmp=com.example.dogglers/androidx.test.core.app.InstrumentationActivityInvoker$BootstrapActivity (has extras) }, activity=androidx.test.core.app.InstrumentationActivityInvoker$BootstrapActivity@b0d85bc
06-25 22:20:23.146  2577  2577 I A       : onApplyWindowInsets: systemWindowInsets=Insets{left=0, top=145, right=0, bottom=132}
06-25 22:20:23.147  2577  2577 I A       : onApplyWindowInsets: Adjusting for display cutouts. Safe insets: left=0, top=136, right=0, bottom=0
06-25 22:20:23.147  2577  2577 I A       : onApplyWindowInsets: systemWindowInsets=Insets{left=0, top=145, right=0, bottom=132}
06-25 22:20:23.148 26971 26971 D LifecycleMonitor: Lifecycle status change: com.example.dogglers.VerticalListActivity@c491466 in: PRE_ON_CREATE
06-25 22:20:23.148 26971 26971 V ActivityScenario: Activity lifecycle changed event received but ignored because the reported transition was not ON_CREATE while the last known transition was PRE_ON_CREATE
06-25 22:20:23.163 26971 26971 D LifecycleMonitor: Lifecycle status change: com.example.dogglers.VerticalListActivity@c491466 in: CREATED
06-25 22:20:23.163 26971 26971 V ActivityScenario: Update currentActivityStage to CREATED, currentActivity=com.example.dogglers.VerticalListActivity@c491466
06-25 22:20:23.164 26971 26971 D LifecycleMonitor: Lifecycle status change: com.example.dogglers.VerticalListActivity@c491466 in: STARTED
06-25 22:20:23.164 26971 26971 V ActivityScenario: Update currentActivityStage to STARTED, currentActivity=com.example.dogglers.VerticalListActivity@c491466
06-25 22:20:23.165 26971 26971 D LifecycleMonitor: Lifecycle status change: com.example.dogglers.VerticalListActivity@c491466 in: RESUMED
06-25 22:20:23.165 26971 26971 V ActivityScenario: Update currentActivityStage to RESUMED, currentActivity=com.example.dogglers.VerticalListActivity@c491466
06-25 22:20:23.168  2671  2671 I GsaVoiceInteractionSrv: Handling ACTION_STOP_HOTWORD
06-25 22:20:23.168  2671  2671 E HwDetectorWithState: a: 3
06-25 22:20:23.198   358   422 D goldfish-address-space: claimShared: Ask to claim region [0x3ee5cc000 0x3eef70000]
06-25 22:20:23.202   358   422 D goldfish-address-space: claimShared: Ask to claim region [0x3eef70000 0x3ef914000]
06-25 22:20:23.204   358   422 D goldfish-address-space: claimShared: Ask to claim region [0x3ec000000 0x3ec9a4000]
06-25 22:20:23.252 26971 26971 D RootViewPicker: Root not ready - waiting: 10ms for one to appear.
06-25 22:20:23.262  1493  1493 I GoogleInputMethodService: GoogleInputMethodService.onFinishInput():3420
06-25 22:20:23.263  1493  1493 I GoogleInputMethodService: GoogleInputMethodService.onStartInput():2002
06-25 22:20:23.263  1493  1493 I DeviceUnlockedTag: DeviceUnlockedTag.notifyDeviceLockStatusChanged():31 Notify device unlocked.
06-25 22:20:23.295 26971 26971 I ViewInteraction: Performing 'fast swipe' action on view view.getId() is <2131231206/com.example.dogglers:id/vertical_recycler_view>
06-25 22:20:23.530 26971 26971 I ViewInteraction: Checking 'MatchesViewAssertion{viewMatcher=(view has effective visibility <VISIBLE> and view.getGlobalVisibleRect() to return non-empty rectangle)}' assertion on view an instance of android.widget.TextView and view.getText() with or without transformation to match: is "Faye"
06-25 22:20:23.531   551  1183 W InputManager-JNI: Input channel object 'abf4378 Splash Screen com.example.dogglers (client)' was disposed without first being removed with the input manager!
06-25 22:20:23.538 26971 26971 D LifecycleMonitor: Lifecycle status change: com.example.dogglers.VerticalListActivity@c491466 in: PAUSED
06-25 22:20:23.539 26971 26971 V ActivityScenario: Update currentActivityStage to PAUSED, currentActivity=com.example.dogglers.VerticalListActivity@c491466
06-25 22:20:23.550 26971 26971 D LifecycleMonitor: Lifecycle status change: androidx.test.core.app.InstrumentationActivityInvoker$EmptyActivity@81ad56b in: PRE_ON_CREATE
06-25 22:20:23.550 26971 26971 V ActivityScenario: Activity lifecycle changed event received but ignored because the intent does not match. startActivityIntent=Intent { act=android.intent.action.MAIN cat=[android.intent.category.LAUNCHER] cmp=com.example.dogglers/.VerticalListActivity }, activity.getIntent()=Intent { act=android.intent.action.MAIN cat=[android.intent.category.LAUNCHER] flg=0x10000000 cmp=com.example.dogglers/androidx.test.core.app.InstrumentationActivityInvoker$EmptyActivity }, activity=androidx.test.core.app.InstrumentationActivityInvoker$EmptyActivity@81ad56b
06-25 22:20:23.555 26971 26971 D LifecycleMonitor: Lifecycle status change: androidx.test.core.app.InstrumentationActivityInvoker$EmptyActivity@81ad56b in: CREATED
06-25 22:20:23.555 26971 26971 V ActivityScenario: Activity lifecycle changed event received but ignored because the intent does not match. startActivityIntent=Intent { act=android.intent.action.MAIN cat=[android.intent.category.LAUNCHER] cmp=com.example.dogglers/.VerticalListActivity }, activity.getIntent()=Intent { act=android.intent.action.MAIN cat=[android.intent.category.LAUNCHER] flg=0x10000000 cmp=com.example.dogglers/androidx.test.core.app.InstrumentationActivityInvoker$EmptyActivity }, activity=androidx.test.core.app.InstrumentationActivityInvoker$EmptyActivity@81ad56b
06-25 22:20:23.556 26971 26971 D LifecycleMonitor: Lifecycle status change: androidx.test.core.app.InstrumentationActivityInvoker$EmptyActivity@81ad56b in: STARTED
06-25 22:20:23.557 26971 26971 V ActivityScenario: Activity lifecycle changed event received but ignored because the intent does not match. startActivityIntent=Intent { act=android.intent.action.MAIN cat=[android.intent.category.LAUNCHER] cmp=com.example.dogglers/.VerticalListActivity }, activity.getIntent()=Intent { act=android.intent.action.MAIN cat=[android.intent.category.LAUNCHER] flg=0x10000000 cmp=com.example.dogglers/androidx.test.core.app.InstrumentationActivityInvoker$EmptyActivity }, activity=androidx.test.core.app.InstrumentationActivityInvoker$EmptyActivity@81ad56b
06-25 22:20:23.558 26971 26971 D LifecycleMonitor: Lifecycle status change: androidx.test.core.app.InstrumentationActivityInvoker$EmptyActivity@81ad56b in: RESUMED
06-25 22:20:23.558 26971 26971 V ActivityScenario: Activity lifecycle changed event received but ignored because the intent does not match. startActivityIntent=Intent { act=android.intent.action.MAIN cat=[android.intent.category.LAUNCHER] cmp=com.example.dogglers/.VerticalListActivity }, activity.getIntent()=Intent { act=android.intent.action.MAIN cat=[android.intent.category.LAUNCHER] flg=0x10000000 cmp=com.example.dogglers/androidx.test.core.app.InstrumentationActivityInvoker$EmptyActivity }, activity=androidx.test.core.app.InstrumentationActivityInvoker$EmptyActivity@81ad56b
06-25 22:20:23.570   358   422 D goldfish-address-space: claimShared: Ask to claim region [0x3f0000000 0x3f09a4000]
06-25 22:20:23.574   358   422 D goldfish-address-space: claimShared: Ask to claim region [0x3f0fd0000 0x3f1974000]
06-25 22:20:23.652   358   358 D goldfish-address-space: claimShared: Ask to claim region [0x3f2318000 0x3f2cbc000]
06-25 22:20:23.652   867   933 D EGL_emulation: app_time_stats: avg=18.66ms min=0.87ms max=216.53ms count=42
06-25 22:20:23.664   551   596 I ActivityTaskManager: Displayed com.example.dogglers/androidx.test.core.app.InstrumentationActivityInvoker$EmptyActivity: +565ms
06-25 22:20:23.665 26971 26971 D CompatibilityChangeReporter: Compat change id reported: 171228096; UID 10146; state: ENABLED
06-25 22:20:23.695 26971 26971 D LifecycleMonitor: Lifecycle status change: com.example.dogglers.VerticalListActivity@c491466 in: STOPPED
06-25 22:20:23.696 26971 26971 V ActivityScenario: Update currentActivityStage to STOPPED, currentActivity=com.example.dogglers.VerticalListActivity@c491466
06-25 22:20:23.698 26971 26971 D LifecycleMonitor: Lifecycle status change: androidx.test.core.app.InstrumentationActivityInvoker$BootstrapActivity@b0d85bc in: STOPPED
06-25 22:20:23.698 26971 26971 V ActivityScenario: Activity lifecycle changed event received but ignored because the intent does not match. startActivityIntent=Intent { act=android.intent.action.MAIN cat=[android.intent.category.LAUNCHER] cmp=com.example.dogglers/.VerticalListActivity }, activity.getIntent()=Intent { act=android.intent.action.MAIN cat=[android.intent.category.LAUNCHER] flg=0x10008000 cmp=com.example.dogglers/androidx.test.core.app.InstrumentationActivityInvoker$BootstrapActivity (has extras) }, activity=androidx.test.core.app.InstrumentationActivityInvoker$BootstrapActivity@b0d85bc
06-25 22:20:23.703 26971 26971 D LifecycleMonitor: Lifecycle status change: com.example.dogglers.VerticalListActivity@c491466 in: DESTROYED
06-25 22:20:23.703 26971 26971 V ActivityScenario: Update currentActivityStage to DESTROYED, currentActivity=null
06-25 22:20:23.705   551  2233 W InputManager-JNI: Input channel object 'dd174bb com.example.dogglers/com.example.dogglers.VerticalListActivity (client)' was disposed without first being removed with the input manager!
06-25 22:20:23.712 26971 26971 D LifecycleMonitor: Lifecycle status change: androidx.test.core.app.InstrumentationActivityInvoker$EmptyActivity@81ad56b in: PAUSED
06-25 22:20:23.712 26971 26971 V ActivityScenario: Activity lifecycle changed event received but ignored because the intent does not match. startActivityIntent=Intent { act=android.intent.action.MAIN cat=[android.intent.category.LAUNCHER] cmp=com.example.dogglers/.VerticalListActivity }, activity.getIntent()=Intent { act=android.intent.action.MAIN cat=[android.intent.category.LAUNCHER] flg=0x10000000 cmp=com.example.dogglers/androidx.test.core.app.InstrumentationActivityInvoker$EmptyActivity }, activity=androidx.test.core.app.InstrumentationActivityInvoker$EmptyActivity@81ad56b
06-25 22:20:23.717 26971 26971 D LifecycleMonitor: Lifecycle status change: androidx.test.core.app.InstrumentationActivityInvoker$BootstrapActivity@b0d85bc in: DESTROYED
06-25 22:20:23.718 26971 26971 V ActivityScenario: Activity lifecycle changed event received but ignored because the intent does not match. startActivityIntent=Intent { act=android.intent.action.MAIN cat=[android.intent.category.LAUNCHER] cmp=com.example.dogglers/.VerticalListActivity }, activity.getIntent()=Intent { act=android.intent.action.MAIN cat=[android.intent.category.LAUNCHER] flg=0x10008000 cmp=com.example.dogglers/androidx.test.core.app.InstrumentationActivityInvoker$BootstrapActivity (has extras) }, activity=androidx.test.core.app.InstrumentationActivityInvoker$BootstrapActivity@b0d85bc
06-25 22:20:23.725 26971 26971 D LifecycleMonitor: Lifecycle status change: androidx.test.core.app.InstrumentationActivityInvoker$EmptyActivity@e47f799 in: PRE_ON_CREATE
06-25 22:20:23.726 26971 26971 V ActivityScenario: Activity lifecycle changed event received but ignored because the intent does not match. startActivityIntent=Intent { act=android.intent.action.MAIN cat=[android.intent.category.LAUNCHER] cmp=com.example.dogglers/.VerticalListActivity }, activity.getIntent()=Intent { act=android.intent.action.MAIN cat=[android.intent.category.LAUNCHER] flg=0x10000000 cmp=com.example.dogglers/androidx.test.core.app.InstrumentationActivityInvoker$EmptyActivity }, activity=androidx.test.core.app.InstrumentationActivityInvoker$EmptyActivity@e47f799
06-25 22:20:23.731 26971 26971 D LifecycleMonitor: Lifecycle status change: androidx.test.core.app.InstrumentationActivityInvoker$EmptyActivity@e47f799 in: CREATED
06-25 22:20:23.731 26971 26971 V ActivityScenario: Activity lifecycle changed event received but ignored because the intent does not match. startActivityIntent=Intent { act=android.intent.action.MAIN cat=[android.intent.category.LAUNCHER] cmp=com.example.dogglers/.VerticalListActivity }, activity.getIntent()=Intent { act=android.intent.action.MAIN cat=[android.intent.category.LAUNCHER] flg=0x10000000 cmp=com.example.dogglers/androidx.test.core.app.InstrumentationActivityInvoker$EmptyActivity }, activity=androidx.test.core.app.InstrumentationActivityInvoker$EmptyActivity@e47f799
06-25 22:20:23.732 26971 26971 D LifecycleMonitor: Lifecycle status change: androidx.test.core.app.InstrumentationActivityInvoker$EmptyActivity@e47f799 in: STARTED
06-25 22:20:23.732 26971 26971 V ActivityScenario: Activity lifecycle changed event received but ignored because the intent does not match. startActivityIntent=Intent { act=android.intent.action.MAIN cat=[android.intent.category.LAUNCHER] cmp=com.example.dogglers/.VerticalListActivity }, activity.getIntent()=Intent { act=android.intent.action.MAIN cat=[android.intent.category.LAUNCHER] flg=0x10000000 cmp=com.example.dogglers/androidx.test.core.app.InstrumentationActivityInvoker$EmptyActivity }, activity=androidx.test.core.app.InstrumentationActivityInvoker$EmptyActivity@e47f799
06-25 22:20:23.733 26971 26971 D LifecycleMonitor: Lifecycle status change: androidx.test.core.app.InstrumentationActivityInvoker$EmptyActivity@e47f799 in: RESUMED
06-25 22:20:23.734 26971 26971 V ActivityScenario: Activity lifecycle changed event received but ignored because the intent does not match. startActivityIntent=Intent { act=android.intent.action.MAIN cat=[android.intent.category.LAUNCHER] cmp=com.example.dogglers/.VerticalListActivity }, activity.getIntent()=Intent { act=android.intent.action.MAIN cat=[android.intent.category.LAUNCHER] flg=0x10000000 cmp=com.example.dogglers/androidx.test.core.app.InstrumentationActivityInvoker$EmptyActivity }, activity=androidx.test.core.app.InstrumentationActivityInvoker$EmptyActivity@e47f799
06-25 22:20:23.746   358   422 D goldfish-address-space: claimShared: Ask to claim region [0x3ed284000 0x3edc28000]
06-25 22:20:23.752   358   422 D goldfish-address-space: claimShared: Ask to claim region [0x3edc28000 0x3ee5cc000]
06-25 22:20:23.753   358   422 D goldfish-address-space: claimShared: Ask to claim region [0x3ee5cc000 0x3eef70000]
06-25 22:20:23.764   551   596 I ActivityTaskManager: Displayed com.example.dogglers/androidx.test.core.app.InstrumentationActivityInvoker$EmptyActivity: +93ms
06-25 22:20:23.767 26971 26971 D LifecycleMonitor: Lifecycle status change: androidx.test.core.app.InstrumentationActivityInvoker$EmptyActivity@81ad56b in: STOPPED
06-25 22:20:23.767 26971 26971 V ActivityScenario: Activity lifecycle changed event received but ignored because the intent does not match. startActivityIntent=Intent { act=android.intent.action.MAIN cat=[android.intent.category.LAUNCHER] cmp=com.example.dogglers/.VerticalListActivity }, activity.getIntent()=Intent { act=android.intent.action.MAIN cat=[android.intent.category.LAUNCHER] flg=0x10000000 cmp=com.example.dogglers/androidx.test.core.app.InstrumentationActivityInvoker$EmptyActivity }, activity=androidx.test.core.app.InstrumentationActivityInvoker$EmptyActivity@81ad56b
06-25 22:20:23.776   358   422 D goldfish-address-space: claimShared: Ask to claim region [0x3eef70000 0x3ef59c000]
06-25 22:20:23.789 26971 26971 D LifecycleMonitor: Lifecycle status change: androidx.test.core.app.InstrumentationActivityInvoker$EmptyActivity@81ad56b in: DESTROYED
06-25 22:20:23.790 26971 26971 V ActivityScenario: Activity lifecycle changed event received but ignored because the intent does not match. startActivityIntent=Intent { act=android.intent.action.MAIN cat=[android.intent.category.LAUNCHER] cmp=com.example.dogglers/.VerticalListActivity }, activity.getIntent()=Intent { act=android.intent.action.MAIN cat=[android.intent.category.LAUNCHER] flg=0x10000000 cmp=com.example.dogglers/androidx.test.core.app.InstrumentationActivityInvoker$EmptyActivity }, activity=androidx.test.core.app.InstrumentationActivityInvoker$EmptyActivity@81ad56b
06-25 22:20:23.794   551  1183 W InputManager-JNI: Input channel object '1974576 com.example.dogglers/androidx.test.core.app.InstrumentationActivityInvoker$EmptyActivity (client)' was disposed without first being removed with the input manager!
06-25 22:20:23.800 26971 26971 D LifecycleMonitor: Lifecycle status change: androidx.test.core.app.InstrumentationActivityInvoker$EmptyActivity@e47f799 in: PAUSED
06-25 22:20:23.800 26971 26971 V ActivityScenario: Activity lifecycle changed event received but ignored because the intent does not match. startActivityIntent=Intent { act=android.intent.action.MAIN cat=[android.intent.category.LAUNCHER] cmp=com.example.dogglers/.VerticalListActivity }, activity.getIntent()=Intent { act=android.intent.action.MAIN cat=[android.intent.category.LAUNCHER] flg=0x10000000 cmp=com.example.dogglers/androidx.test.core.app.InstrumentationActivityInvoker$EmptyActivity }, activity=androidx.test.core.app.InstrumentationActivityInvoker$EmptyActivity@e47f799
06-25 22:20:23.805 26971 26992 I TestRunner: finished: vertical_scrolling(com.example.dogglers.VerticalListTests)
