07-15 16:28:16.506  5493  5515 I TestRunner: started: vertical_scrolling(com.example.dogglers.GridListTests)
07-15 16:28:16.509  5493  5515 W Settings: Setting always_finish_activities has moved from android.provider.Settings.System to android.provider.Settings.Global, returning read-only value.
07-15 16:28:16.519   754  1017 D SplashScreenView: Build android.window.SplashScreenView{f4402b8 V.E...... ......ID 0,0-0,0}
07-15 16:28:16.519   754  1017 D SplashScreenView: Icon: view: null drawable: null size: 0
07-15 16:28:16.519   754  1017 D SplashScreenView: Branding: view: android.view.View{b196891 G.ED..... ......I. 0,0-0,0 #10204a6 android:id/splashscreen_branding_view} drawable: null size w: 0 h: 0
07-15 16:28:16.524  5493  5493 D LifecycleMonitor: Lifecycle status change: androidx.test.core.app.InstrumentationActivityInvoker$BootstrapActivity@dbfff7 in: PRE_ON_CREATE
07-15 16:28:16.525  5493  5493 V ActivityScenario: Activity lifecycle changed event received but ignored because the intent does not match. startActivityIntent=Intent { act=android.intent.action.MAIN cat=[android.intent.category.LAUNCHER] cmp=com.example.dogglers/.GridListActivity }, activity.getIntent()=Intent { act=android.intent.action.MAIN cat=[android.intent.category.LAUNCHER] flg=0x10008000 cmp=com.example.dogglers/androidx.test.core.app.InstrumentationActivityInvoker$BootstrapActivity (has extras) }, activity=androidx.test.core.app.InstrumentationActivityInvoker$BootstrapActivity@dbfff7
07-15 16:28:16.529  5493  5493 D LifecycleMonitor: Lifecycle status change: androidx.test.core.app.InstrumentationActivityInvoker$BootstrapActivity@dbfff7 in: CREATED
07-15 16:28:16.529  5493  5493 V ActivityScenario: Activity lifecycle changed event received but ignored because the intent does not match. startActivityIntent=Intent { act=android.intent.action.MAIN cat=[android.intent.category.LAUNCHER] cmp=com.example.dogglers/.GridListActivity }, activity.getIntent()=Intent { act=android.intent.action.MAIN cat=[android.intent.category.LAUNCHER] flg=0x10008000 cmp=com.example.dogglers/androidx.test.core.app.InstrumentationActivityInvoker$BootstrapActivity (has extras) }, activity=androidx.test.core.app.InstrumentationActivityInvoker$BootstrapActivity@dbfff7
07-15 16:28:16.530  5493  5493 D LifecycleMonitor: Lifecycle status change: androidx.test.core.app.InstrumentationActivityInvoker$BootstrapActivity@dbfff7 in: STARTED
07-15 16:28:16.533   349   401 D goldfish-address-space: claimShared: Ask to claim region [0x3f0000000 0x3f09a4000]
07-15 16:28:16.535  5493  5493 V ActivityScenario: Activity lifecycle changed event received but ignored because the intent does not match. startActivityIntent=Intent { act=android.intent.action.MAIN cat=[android.intent.category.LAUNCHER] cmp=com.example.dogglers/.GridListActivity }, activity.getIntent()=Intent { act=android.intent.action.MAIN cat=[android.intent.category.LAUNCHER] flg=0x10008000 cmp=com.example.dogglers/androidx.test.core.app.InstrumentationActivityInvoker$BootstrapActivity (has extras) }, activity=androidx.test.core.app.InstrumentationActivityInvoker$BootstrapActivity@dbfff7
07-15 16:28:16.539   349   401 D goldfish-address-space: claimShared: Ask to claim region [0x3f09a4000 0x3f1348000]
07-15 16:28:16.539  5493  5493 D LifecycleMonitor: Lifecycle status change: androidx.test.core.app.InstrumentationActivityInvoker$BootstrapActivity@dbfff7 in: RESUMED
07-15 16:28:16.540  5493  5493 V ActivityScenario: Activity lifecycle changed event received but ignored because the intent does not match. startActivityIntent=Intent { act=android.intent.action.MAIN cat=[android.intent.category.LAUNCHER] cmp=com.example.dogglers/.GridListActivity }, activity.getIntent()=Intent { act=android.intent.action.MAIN cat=[android.intent.category.LAUNCHER] flg=0x10008000 cmp=com.example.dogglers/androidx.test.core.app.InstrumentationActivityInvoker$BootstrapActivity (has extras) }, activity=androidx.test.core.app.InstrumentationActivityInvoker$BootstrapActivity@dbfff7
07-15 16:28:16.540   349   401 D goldfish-address-space: claimShared: Ask to claim region [0x3f1348000 0x3f1cec000]
07-15 16:28:16.542  5493  5493 D LifecycleMonitor: Lifecycle status change: androidx.test.core.app.InstrumentationActivityInvoker$BootstrapActivity@dbfff7 in: PAUSED
07-15 16:28:16.542  5493  5493 V ActivityScenario: Activity lifecycle changed event received but ignored because the intent does not match. startActivityIntent=Intent { act=android.intent.action.MAIN cat=[android.intent.category.LAUNCHER] cmp=com.example.dogglers/.GridListActivity }, activity.getIntent()=Intent { act=android.intent.action.MAIN cat=[android.intent.category.LAUNCHER] flg=0x10008000 cmp=com.example.dogglers/androidx.test.core.app.InstrumentationActivityInvoker$BootstrapActivity (has extras) }, activity=androidx.test.core.app.InstrumentationActivityInvoker$BootstrapActivity@dbfff7
07-15 16:28:16.552  5493  5493 D LifecycleMonitor: Lifecycle status change: com.example.dogglers.GridListActivity@95c04c9 in: PRE_ON_CREATE
07-15 16:28:16.552  5493  5493 V ActivityScenario: Activity lifecycle changed event received but ignored because the reported transition was not ON_CREATE while the last known transition was PRE_ON_CREATE
07-15 16:28:16.563  5493  5493 D LifecycleMonitor: Lifecycle status change: com.example.dogglers.GridListActivity@95c04c9 in: CREATED
07-15 16:28:16.563  5493  5493 V ActivityScenario: Update currentActivityStage to CREATED, currentActivity=com.example.dogglers.GridListActivity@95c04c9
07-15 16:28:16.565  5493  5493 D LifecycleMonitor: Lifecycle status change: com.example.dogglers.GridListActivity@95c04c9 in: STARTED
07-15 16:28:16.565  5493  5493 V ActivityScenario: Update currentActivityStage to STARTED, currentActivity=com.example.dogglers.GridListActivity@95c04c9
07-15 16:28:16.566  5493  5493 D LifecycleMonitor: Lifecycle status change: com.example.dogglers.GridListActivity@95c04c9 in: RESUMED
07-15 16:28:16.566  5493  5493 V ActivityScenario: Update currentActivityStage to RESUMED, currentActivity=com.example.dogglers.GridListActivity@95c04c9
07-15 16:28:16.571   754  1021 D EGL_emulation: app_time_stats: avg=56.54ms min=11.80ms max=433.77ms count=18
07-15 16:28:16.571  5493  5493 D LifecycleMonitor: Lifecycle status change: androidx.test.core.app.InstrumentationActivityInvoker$BootstrapActivity@dbfff7 in: STOPPED
07-15 16:28:16.572  5493  5493 V ActivityScenario: Activity lifecycle changed event received but ignored because the intent does not match. startActivityIntent=Intent { act=android.intent.action.MAIN cat=[android.intent.category.LAUNCHER] cmp=com.example.dogglers/.GridListActivity }, activity.getIntent()=Intent { act=android.intent.action.MAIN cat=[android.intent.category.LAUNCHER] flg=0x10008000 cmp=com.example.dogglers/androidx.test.core.app.InstrumentationActivityInvoker$BootstrapActivity (has extras) }, activity=androidx.test.core.app.InstrumentationActivityInvoker$BootstrapActivity@dbfff7
07-15 16:28:16.573   754  1021 D EGL_emulation: app_time_stats: avg=38.95ms min=9.07ms max=434.73ms count=26
07-15 16:28:16.591   349   401 D goldfish-address-space: claimShared: Ask to claim region [0x3f1cec000 0x3f2690000]
07-15 16:28:16.594   349   401 D goldfish-address-space: claimShared: Ask to claim region [0x3f2690000 0x3f3034000]
07-15 16:28:16.595   349   401 D goldfish-address-space: claimShared: Ask to claim region [0x3f3034000 0x3f39d8000]
07-15 16:28:16.619  1382  1382 I GsaVoiceInteractionSrv: Handling ACTION_STOP_HOTWORD
07-15 16:28:16.620  1382  1382 E HwDetectorWithState: a: 3
07-15 16:28:16.660   579   608 I ActivityTaskManager: Displayed com.example.dogglers/.GridListActivity: +145ms
07-15 16:28:16.664  5493  5493 D RootViewPicker: Root not ready - waiting: 10ms for one to appear.
07-15 16:28:16.674  1303  1303 I GoogleInputMethodService: GoogleInputMethodService.onFinishInput():3420
07-15 16:28:16.674  1303  1303 I GoogleInputMethodService: GoogleInputMethodService.onStartInput():2002
07-15 16:28:16.675  1303  1303 I DeviceUnlockedTag: DeviceUnlockedTag.notifyDeviceLockStatusChanged():31 Notify device unlocked.
07-15 16:28:16.701  5493  5493 I ViewInteraction: Performing 'fast swipe' action on view view.getId() is <2131230937/com.example.dogglers:id/grid_recycler_view>
07-15 16:28:16.815  5493  5493 D CompatibilityChangeReporter: Compat change id reported: 171228096; UID 10146; state: ENABLED
07-15 16:28:16.852  1613  1613 I A       : onApplyWindowInsets: systemWindowInsets=Insets{left=0, top=145, right=0, bottom=132}
07-15 16:28:16.852  1613  1613 I A       : onApplyWindowInsets: Adjusting for display cutouts. Safe insets: left=0, top=136, right=0, bottom=0
07-15 16:28:16.853  1613  1613 I A       : onApplyWindowInsets: systemWindowInsets=Insets{left=0, top=145, right=0, bottom=132}
07-15 16:28:16.939   579   948 W InputManager-JNI: Input channel object '6faf5ae Splash Screen com.example.dogglers (client)' was disposed without first being removed with the input manager!
07-15 16:28:16.942  5493  5493 I ViewInteraction: Checking 'MatchesViewAssertion{viewMatcher=(view has effective visibility <VISIBLE> and view.getGlobalVisibleRect() to return non-empty rectangle)}' assertion on view an instance of android.widget.TextView and view.getText() with or without transformation to match: is "Bella"
07-15 16:28:16.947  5493  5493 D LifecycleMonitor: Lifecycle status change: com.example.dogglers.GridListActivity@95c04c9 in: PAUSED
07-15 16:28:16.948  5493  5493 V ActivityScenario: Update currentActivityStage to PAUSED, currentActivity=com.example.dogglers.GridListActivity@95c04c9
07-15 16:28:16.954  5493  5493 D LifecycleMonitor: Lifecycle status change: androidx.test.core.app.InstrumentationActivityInvoker$EmptyActivity@86b9954 in: PRE_ON_CREATE
07-15 16:28:16.954  5493  5493 V ActivityScenario: Activity lifecycle changed event received but ignored because the intent does not match. startActivityIntent=Intent { act=android.intent.action.MAIN cat=[android.intent.category.LAUNCHER] cmp=com.example.dogglers/.GridListActivity }, activity.getIntent()=Intent { act=android.intent.action.MAIN cat=[android.intent.category.LAUNCHER] flg=0x10000000 cmp=com.example.dogglers/androidx.test.core.app.InstrumentationActivityInvoker$EmptyActivity }, activity=androidx.test.core.app.InstrumentationActivityInvoker$EmptyActivity@86b9954
07-15 16:28:16.959  5493  5493 D LifecycleMonitor: Lifecycle status change: androidx.test.core.app.InstrumentationActivityInvoker$EmptyActivity@86b9954 in: CREATED
07-15 16:28:16.959  5493  5493 V ActivityScenario: Activity lifecycle changed event received but ignored because the intent does not match. startActivityIntent=Intent { act=android.intent.action.MAIN cat=[android.intent.category.LAUNCHER] cmp=com.example.dogglers/.GridListActivity }, activity.getIntent()=Intent { act=android.intent.action.MAIN cat=[android.intent.category.LAUNCHER] flg=0x10000000 cmp=com.example.dogglers/androidx.test.core.app.InstrumentationActivityInvoker$EmptyActivity }, activity=androidx.test.core.app.InstrumentationActivityInvoker$EmptyActivity@86b9954
07-15 16:28:16.960  5493  5493 D LifecycleMonitor: Lifecycle status change: androidx.test.core.app.InstrumentationActivityInvoker$EmptyActivity@86b9954 in: STARTED
07-15 16:28:16.960  5493  5493 V ActivityScenario: Activity lifecycle changed event received but ignored because the intent does not match. startActivityIntent=Intent { act=android.intent.action.MAIN cat=[android.intent.category.LAUNCHER] cmp=com.example.dogglers/.GridListActivity }, activity.getIntent()=Intent { act=android.intent.action.MAIN cat=[android.intent.category.LAUNCHER] flg=0x10000000 cmp=com.example.dogglers/androidx.test.core.app.InstrumentationActivityInvoker$EmptyActivity }, activity=androidx.test.core.app.InstrumentationActivityInvoker$EmptyActivity@86b9954
07-15 16:28:16.961  5493  5493 D LifecycleMonitor: Lifecycle status change: androidx.test.core.app.InstrumentationActivityInvoker$EmptyActivity@86b9954 in: RESUMED
07-15 16:28:16.961  5493  5493 V ActivityScenario: Activity lifecycle changed event received but ignored because the intent does not match. startActivityIntent=Intent { act=android.intent.action.MAIN cat=[android.intent.category.LAUNCHER] cmp=com.example.dogglers/.GridListActivity }, activity.getIntent()=Intent { act=android.intent.action.MAIN cat=[android.intent.category.LAUNCHER] flg=0x10000000 cmp=com.example.dogglers/androidx.test.core.app.InstrumentationActivityInvoker$EmptyActivity }, activity=androidx.test.core.app.InstrumentationActivityInvoker$EmptyActivity@86b9954
07-15 16:28:16.979   349   401 D goldfish-address-space: claimShared: Ask to claim region [0x3f5b74000 0x3f6518000]
07-15 16:28:16.986   349   401 D goldfish-address-space: claimShared: Ask to claim region [0x3f6518000 0x3f6ebc000]
07-15 16:28:16.987   349   401 D goldfish-address-space: claimShared: Ask to claim region [0x3f4000000 0x3f49a4000]
07-15 16:28:17.022   579   608 I ActivityTaskManager: Displayed com.example.dogglers/androidx.test.core.app.InstrumentationActivityInvoker$EmptyActivity: +77ms
07-15 16:28:17.039  5493  5493 D LifecycleMonitor: Lifecycle status change: androidx.test.core.app.InstrumentationActivityInvoker$EmptyActivity@86b9954 in: PAUSED
07-15 16:28:17.039  5493  5493 V ActivityScenario: Activity lifecycle changed event received but ignored because the intent does not match. startActivityIntent=Intent { act=android.intent.action.MAIN cat=[android.intent.category.LAUNCHER] cmp=com.example.dogglers/.GridListActivity }, activity.getIntent()=Intent { act=android.intent.action.MAIN cat=[android.intent.category.LAUNCHER] flg=0x10000000 cmp=com.example.dogglers/androidx.test.core.app.InstrumentationActivityInvoker$EmptyActivity }, activity=androidx.test.core.app.InstrumentationActivityInvoker$EmptyActivity@86b9954
07-15 16:28:17.043  5493  5493 D LifecycleMonitor: Lifecycle status change: com.example.dogglers.GridListActivity@95c04c9 in: STOPPED
07-15 16:28:17.043  5493  5493 V ActivityScenario: Update currentActivityStage to STOPPED, currentActivity=com.example.dogglers.GridListActivity@95c04c9
07-15 16:28:17.044  5493  5493 D LifecycleMonitor: Lifecycle status change: com.example.dogglers.GridListActivity@95c04c9 in: DESTROYED
07-15 16:28:17.044  5493  5493 V ActivityScenario: Update currentActivityStage to DESTROYED, currentActivity=null
07-15 16:28:17.047   579  1442 W InputManager-JNI: Input channel object 'f4c5ff8 com.example.dogglers/com.example.dogglers.GridListActivity (client)' was disposed without first being removed with the input manager!
07-15 16:28:17.051  5493  5493 D LifecycleMonitor: Lifecycle status change: androidx.test.core.app.InstrumentationActivityInvoker$BootstrapActivity@dbfff7 in: DESTROYED
07-15 16:28:17.051  5493  5493 V ActivityScenario: Activity lifecycle changed event received but ignored because the intent does not match. startActivityIntent=Intent { act=android.intent.action.MAIN cat=[android.intent.category.LAUNCHER] cmp=com.example.dogglers/.GridListActivity }, activity.getIntent()=Intent { act=android.intent.action.MAIN cat=[android.intent.category.LAUNCHER] flg=0x10008000 cmp=com.example.dogglers/androidx.test.core.app.InstrumentationActivityInvoker$BootstrapActivity (has extras) }, activity=androidx.test.core.app.InstrumentationActivityInvoker$BootstrapActivity@dbfff7
07-15 16:28:17.056  5493  5493 D LifecycleMonitor: Lifecycle status change: androidx.test.core.app.InstrumentationActivityInvoker$EmptyActivity@5ec5d4a in: PRE_ON_CREATE
07-15 16:28:17.056  5493  5493 V ActivityScenario: Activity lifecycle changed event received but ignored because the intent does not match. startActivityIntent=Intent { act=android.intent.action.MAIN cat=[android.intent.category.LAUNCHER] cmp=com.example.dogglers/.GridListActivity }, activity.getIntent()=Intent { act=android.intent.action.MAIN cat=[android.intent.category.LAUNCHER] flg=0x10000000 cmp=com.example.dogglers/androidx.test.core.app.InstrumentationActivityInvoker$EmptyActivity }, activity=androidx.test.core.app.InstrumentationActivityInvoker$EmptyActivity@5ec5d4a
07-15 16:28:17.060  5493  5493 D LifecycleMonitor: Lifecycle status change: androidx.test.core.app.InstrumentationActivityInvoker$EmptyActivity@5ec5d4a in: CREATED
07-15 16:28:17.060  5493  5493 V ActivityScenario: Activity lifecycle changed event received but ignored because the intent does not match. startActivityIntent=Intent { act=android.intent.action.MAIN cat=[android.intent.category.LAUNCHER] cmp=com.example.dogglers/.GridListActivity }, activity.getIntent()=Intent { act=android.intent.action.MAIN cat=[android.intent.category.LAUNCHER] flg=0x10000000 cmp=com.example.dogglers/androidx.test.core.app.InstrumentationActivityInvoker$EmptyActivity }, activity=androidx.test.core.app.InstrumentationActivityInvoker$EmptyActivity@5ec5d4a
07-15 16:28:17.061  5493  5493 D LifecycleMonitor: Lifecycle status change: androidx.test.core.app.InstrumentationActivityInvoker$EmptyActivity@5ec5d4a in: STARTED
07-15 16:28:17.061  5493  5493 V ActivityScenario: Activity lifecycle changed event received but ignored because the intent does not match. startActivityIntent=Intent { act=android.intent.action.MAIN cat=[android.intent.category.LAUNCHER] cmp=com.example.dogglers/.GridListActivity }, activity.getIntent()=Intent { act=android.intent.action.MAIN cat=[android.intent.category.LAUNCHER] flg=0x10000000 cmp=com.example.dogglers/androidx.test.core.app.InstrumentationActivityInvoker$EmptyActivity }, activity=androidx.test.core.app.InstrumentationActivityInvoker$EmptyActivity@5ec5d4a
07-15 16:28:17.062  5493  5493 D LifecycleMonitor: Lifecycle status change: androidx.test.core.app.InstrumentationActivityInvoker$EmptyActivity@5ec5d4a in: RESUMED
07-15 16:28:17.062  5493  5493 V ActivityScenario: Activity lifecycle changed event received but ignored because the intent does not match. startActivityIntent=Intent { act=android.intent.action.MAIN cat=[android.intent.category.LAUNCHER] cmp=com.example.dogglers/.GridListActivity }, activity.getIntent()=Intent { act=android.intent.action.MAIN cat=[android.intent.category.LAUNCHER] flg=0x10000000 cmp=com.example.dogglers/androidx.test.core.app.InstrumentationActivityInvoker$EmptyActivity }, activity=androidx.test.core.app.InstrumentationActivityInvoker$EmptyActivity@5ec5d4a
07-15 16:28:17.074   349   401 D goldfish-address-space: claimShared: Ask to claim region [0x3f1cec000 0x3f2690000]
07-15 16:28:17.078   349   401 D goldfish-address-space: claimShared: Ask to claim region [0x3f2690000 0x3f3034000]
07-15 16:28:17.079   349   401 D goldfish-address-space: claimShared: Ask to claim region [0x3f3034000 0x3f39d8000]
07-15 16:28:17.084   579   608 I ActivityTaskManager: Displayed com.example.dogglers/androidx.test.core.app.InstrumentationActivityInvoker$EmptyActivity: +60ms
07-15 16:28:17.086  5493  5493 D LifecycleMonitor: Lifecycle status change: androidx.test.core.app.InstrumentationActivityInvoker$EmptyActivity@86b9954 in: STOPPED
07-15 16:28:17.087  5493  5493 V ActivityScenario: Activity lifecycle changed event received but ignored because the intent does not match. startActivityIntent=Intent { act=android.intent.action.MAIN cat=[android.intent.category.LAUNCHER] cmp=com.example.dogglers/.GridListActivity }, activity.getIntent()=Intent { act=android.intent.action.MAIN cat=[android.intent.category.LAUNCHER] flg=0x10000000 cmp=com.example.dogglers/androidx.test.core.app.InstrumentationActivityInvoker$EmptyActivity }, activity=androidx.test.core.app.InstrumentationActivityInvoker$EmptyActivity@86b9954
07-15 16:28:17.107   349   401 D goldfish-address-space: claimShared: Ask to claim region [0x3f0000000 0x3f062c000]
07-15 16:28:17.118  5493  5493 D LifecycleMonitor: Lifecycle status change: androidx.test.core.app.InstrumentationActivityInvoker$EmptyActivity@86b9954 in: DESTROYED
07-15 16:28:17.119  5493  5493 V ActivityScenario: Activity lifecycle changed event received but ignored because the intent does not match. startActivityIntent=Intent { act=android.intent.action.MAIN cat=[android.intent.category.LAUNCHER] cmp=com.example.dogglers/.GridListActivity }, activity.getIntent()=Intent { act=android.intent.action.MAIN cat=[android.intent.category.LAUNCHER] flg=0x10000000 cmp=com.example.dogglers/androidx.test.core.app.InstrumentationActivityInvoker$EmptyActivity }, activity=androidx.test.core.app.InstrumentationActivityInvoker$EmptyActivity@86b9954
07-15 16:28:17.122   579  1442 W InputManager-JNI: Input channel object 'd86fc70 com.example.dogglers/androidx.test.core.app.InstrumentationActivityInvoker$EmptyActivity (client)' was disposed without first being removed with the input manager!
07-15 16:28:17.126  5493  5493 D LifecycleMonitor: Lifecycle status change: androidx.test.core.app.InstrumentationActivityInvoker$EmptyActivity@5ec5d4a in: PAUSED
07-15 16:28:17.126  5493  5493 V ActivityScenario: Activity lifecycle changed event received but ignored because the intent does not match. startActivityIntent=Intent { act=android.intent.action.MAIN cat=[android.intent.category.LAUNCHER] cmp=com.example.dogglers/.GridListActivity }, activity.getIntent()=Intent { act=android.intent.action.MAIN cat=[android.intent.category.LAUNCHER] flg=0x10000000 cmp=com.example.dogglers/androidx.test.core.app.InstrumentationActivityInvoker$EmptyActivity }, activity=androidx.test.core.app.InstrumentationActivityInvoker$EmptyActivity@5ec5d4a
07-15 16:28:17.130  5493  5515 I TestRunner: finished: vertical_scrolling(com.example.dogglers.GridListTests)
